2026-04-27 08:21:37,681 - __main__ - INFO - ==================================================
2026-04-27 08:21:37,681 - __main__ - INFO - TeleGreat 防骗举报机器人启动中...
2026-04-27 08:21:37,681 - __main__ - INFO - ==================================================
2026-04-27 08:21:37,681 - __main__ - INFO - 初始化数据库...
2026-04-27 08:21:37,727 - __main__ - INFO - 机器人已启动，监听端口: 801
2026-04-27 08:21:48,412 - __main__ - INFO - ==================================================
2026-04-27 08:21:48,413 - __main__ - INFO - TeleGreat 防骗举报机器人启动中...
2026-04-27 08:21:48,413 - __main__ - INFO - ==================================================
2026-04-27 08:21:48,413 - __main__ - INFO - 初始化数据库...
2026-04-27 08:21:48,458 - __main__ - INFO - 机器人已启动，监听端口: 801
2026-04-27 08:21:59,155 - __main__ - INFO - ==================================================
2026-04-27 08:21:59,155 - __main__ - INFO - TeleGreat 防骗举报机器人启动中...
2026-04-27 08:21:59,156 - __main__ - INFO - ==================================================
2026-04-27 08:21:59,156 - __main__ - INFO - 初始化数据库...
2026-04-27 08:21:59,201 - __main__ - INFO - 机器人已启动，监听端口: 801
2026-04-27 08:22:09,905 - __main__ - INFO - ==================================================
2026-04-27 08:22:09,905 - __main__ - INFO - TeleGreat 防骗举报机器人启动中...
2026-04-27 08:22:09,905 - __main__ - INFO - ==================================================
2026-04-27 08:22:09,906 - __main__ - INFO - 初始化数据库...
2026-04-27 08:22:09,951 - __main__ - INFO - 机器人已启动，监听端口: 801
2026-04-27 08:22:20,658 - __main__ - INFO - ==================================================
2026-04-27 08:22:20,658 - __main__ - INFO - TeleGreat 防骗举报机器人启动中...
2026-04-27 08:22:20,658 - __main__ - INFO - ==================================================
2026-04-27 08:22:20,658 - __main__ - INFO - 初始化数据库...
2026-04-27 08:22:20,703 - __main__ - INFO - 机器人已启动，监听端口: 801
2026-04-27 08:22:31,408 - __main__ - INFO - ==================================================
2026-04-27 08:22:31,409 - __main__ - INFO - TeleGreat 防骗举报机器人启动中...
2026-04-27 08:22:31,409 - __main__ - INFO - ==================================================
2026-04-27 08:22:31,409 - __main__ - INFO - 初始化数据库...
2026-04-27 08:22:31,454 - __main__ - INFO - 机器人已启动，监听端口: 801
2026-04-27 08:22:42,154 - __main__ - INFO - ==================================================
2026-04-27 08:22:42,154 - __main__ - INFO - TeleGreat 防骗举报机器人启动中...
2026-04-27 08:22:42,154 - __main__ - INFO - ==================================================
2026-04-27 08:22:42,154 - __main__ - INFO - 初始化数据库...
2026-04-27 08:22:42,199 - __main__ - INFO - 机器人已启动，监听端口: 801
2026-04-27 08:22:52,908 - __main__ - INFO - ==================================================
2026-04-27 08:22:52,908 - __main__ - INFO - TeleGreat 防骗举报机器人启动中...
2026-04-27 08:22:52,908 - __main__ - INFO - ==================================================
2026-04-27 08:22:52,908 - __main__ - INFO - 初始化数据库...
2026-04-27 08:22:52,953 - __main__ - INFO - 机器人已启动，监听端口: 801
2026-04-27 08:23:03,652 - __main__ - INFO - ==================================================
2026-04-27 08:23:03,652 - __main__ - INFO - TeleGreat 防骗举报机器人启动中...
2026-04-27 08:23:03,652 - __main__ - INFO - ==================================================
2026-04-27 08:23:03,652 - __main__ - INFO - 初始化数据库...
2026-04-27 08:23:03,697 - __main__ - INFO - 机器人已启动，监听端口: 801
2026-04-27 08:23:14,411 - __main__ - INFO - ==================================================
2026-04-27 08:23:14,411 - __main__ - INFO - TeleGreat 防骗举报机器人启动中...
2026-04-27 08:23:14,412 - __main__ - INFO - ==================================================
2026-04-27 08:23:14,412 - __main__ - INFO - 初始化数据库...
2026-04-27 08:23:14,457 - __main__ - INFO - 机器人已启动，监听端口: 801
2026-04-27 08:23:25,160 - __main__ - INFO - ==================================================
2026-04-27 08:23:25,160 - __main__ - INFO - TeleGreat 防骗举报机器人启动中...
2026-04-27 08:23:25,160 - __main__ - INFO - ==================================================
2026-04-27 08:23:25,160 - __main__ - INFO - 初始化数据库...
2026-04-27 08:23:25,206 - __main__ - INFO - 机器人已启动，监听端口: 801
2026-04-27 08:23:35,905 - __main__ - INFO - ==================================================
2026-04-27 08:23:35,905 - __main__ - INFO - TeleGreat 防骗举报机器人启动中...
2026-04-27 08:23:35,905 - __main__ - INFO - ==================================================
2026-04-27 08:23:35,906 - __main__ - INFO - 初始化数据库...
2026-04-27 08:23:35,951 - __main__ - INFO - 机器人已启动，监听端口: 801
2026-04-27 08:23:46,660 - __main__ - INFO - ==================================================
2026-04-27 08:23:46,660 - __main__ - INFO - TeleGreat 防骗举报机器人启动中...
2026-04-27 08:23:46,660 - __main__ - INFO - ==================================================
2026-04-27 08:23:46,660 - __main__ - INFO - 初始化数据库...
2026-04-27 08:23:46,706 - __main__ - INFO - 机器人已启动，监听端口: 801
2026-04-27 08:23:57,410 - __main__ - INFO - ==================================================
2026-04-27 08:23:57,410 - __main__ - INFO - TeleGreat 防骗举报机器人启动中...
2026-04-27 08:23:57,410 - __main__ - INFO - ==================================================
2026-04-27 08:23:57,410 - __main__ - INFO - 初始化数据库...
2026-04-27 08:23:57,455 - __main__ - INFO - 机器人已启动，监听端口: 801
2026-04-27 08:24:08,158 - __main__ - INFO - ==================================================
2026-04-27 08:24:08,158 - __main__ - INFO - TeleGreat 防骗举报机器人启动中...
2026-04-27 08:24:08,158 - __main__ - INFO - ==================================================
2026-04-27 08:24:08,158 - __main__ - INFO - 初始化数据库...
2026-04-27 08:24:08,204 - __main__ - INFO - 机器人已启动，监听端口: 801
2026-04-27 08:24:18,908 - __main__ - INFO - ==================================================
2026-04-27 08:24:18,908 - __main__ - INFO - TeleGreat 防骗举报机器人启动中...
2026-04-27 08:24:18,908 - __main__ - INFO - ==================================================
2026-04-27 08:24:18,908 - __main__ - INFO - 初始化数据库...
2026-04-27 08:24:18,953 - __main__ - INFO - 机器人已启动，监听端口: 801
2026-04-27 08:24:29,657 - __main__ - INFO - ==================================================
2026-04-27 08:24:29,657 - __main__ - INFO - TeleGreat 防骗举报机器人启动中...
2026-04-27 08:24:29,657 - __main__ - INFO - ==================================================
2026-04-27 08:24:29,657 - __main__ - INFO - 初始化数据库...
2026-04-27 08:24:29,703 - __main__ - INFO - 机器人已启动，监听端口: 801
2026-04-27 08:24:40,414 - __main__ - INFO - ==================================================
2026-04-27 08:24:40,414 - __main__ - INFO - TeleGreat 防骗举报机器人启动中...
2026-04-27 08:24:40,414 - __main__ - INFO - ==================================================
2026-04-27 08:24:40,414 - __main__ - INFO - 初始化数据库...
2026-04-27 08:24:40,460 - __main__ - INFO - 机器人已启动，监听端口: 801
2026-04-27 08:24:51,159 - __main__ - INFO - ==================================================
2026-04-27 08:24:51,159 - __main__ - INFO - TeleGreat 防骗举报机器人启动中...
2026-04-27 08:24:51,159 - __main__ - INFO - ==================================================
2026-04-27 08:24:51,159 - __main__ - INFO - 初始化数据库...
2026-04-27 08:24:51,205 - __main__ - INFO - 机器人已启动，监听端口: 801
2026-04-27 08:25:01,910 - __main__ - INFO - ==================================================
2026-04-27 08:25:01,910 - __main__ - INFO - TeleGreat 防骗举报机器人启动中...
2026-04-27 08:25:01,910 - __main__ - INFO - ==================================================
2026-04-27 08:25:01,910 - __main__ - INFO - 初始化数据库...
2026-04-27 08:25:01,956 - __main__ - INFO - 机器人已启动，监听端口: 801
2026-04-27 08:25:12,669 - __main__ - INFO - ==================================================
2026-04-27 08:25:12,669 - __main__ - INFO - TeleGreat 防骗举报机器人启动中...
2026-04-27 08:25:12,669 - __main__ - INFO - ==================================================
2026-04-27 08:25:12,669 - __main__ - INFO - 初始化数据库...
2026-04-27 08:25:12,714 - __main__ - INFO - 机器人已启动，监听端口: 801
2026-04-27 08:25:23,309 - __main__ - INFO - ==================================================
2026-04-27 08:25:23,309 - __main__ - INFO - TeleGreat 防骗举报机器人启动中...
2026-04-27 08:25:23,309 - __main__ - INFO - ==================================================
2026-04-27 08:25:23,309 - __main__ - INFO - 初始化数据库...
2026-04-27 08:25:23,354 - __main__ - INFO - 机器人已启动，监听端口: 801
2026-04-27 08:25:33,906 - __main__ - INFO - ==================================================
2026-04-27 08:25:33,906 - __main__ - INFO - TeleGreat 防骗举报机器人启动中...
2026-04-27 08:25:33,906 - __main__ - INFO - ==================================================
2026-04-27 08:25:33,906 - __main__ - INFO - 初始化数据库...
2026-04-27 08:25:33,951 - __main__ - INFO - 机器人已启动，监听端口: 801
2026-04-27 08:25:44,638 - __main__ - INFO - ==================================================
2026-04-27 08:25:44,639 - __main__ - INFO - TeleGreat 防骗举报机器人启动中...
2026-04-27 08:25:44,639 - __main__ - INFO - ==================================================
2026-04-27 08:25:44,639 - __main__ - INFO - 初始化数据库...
2026-04-27 08:25:44,684 - __main__ - INFO - 机器人已启动，监听端口: 801
2026-04-27 08:25:55,408 - __main__ - INFO - ==================================================
2026-04-27 08:25:55,408 - __main__ - INFO - TeleGreat 防骗举报机器人启动中...
2026-04-27 08:25:55,408 - __main__ - INFO - ==================================================
2026-04-27 08:25:55,408 - __main__ - INFO - 初始化数据库...
2026-04-27 08:25:55,453 - __main__ - INFO - 机器人已启动，监听端口: 801
2026-04-27 08:26:06,161 - __main__ - INFO - ==================================================
2026-04-27 08:26:06,161 - __main__ - INFO - TeleGreat 防骗举报机器人启动中...
2026-04-27 08:26:06,161 - __main__ - INFO - ==================================================
2026-04-27 08:26:06,161 - __main__ - INFO - 初始化数据库...
2026-04-27 08:26:06,208 - __main__ - INFO - 机器人已启动，监听端口: 801
2026-04-27 08:26:16,905 - __main__ - INFO - ==================================================
2026-04-27 08:26:16,905 - __main__ - INFO - TeleGreat 防骗举报机器人启动中...
2026-04-27 08:26:16,905 - __main__ - INFO - ==================================================
2026-04-27 08:26:16,905 - __main__ - INFO - 初始化数据库...
2026-04-27 08:26:16,950 - __main__ - INFO - 机器人已启动，监听端口: 801
2026-04-27 08:26:27,656 - __main__ - INFO - ==================================================
2026-04-27 08:26:27,656 - __main__ - INFO - TeleGreat 防骗举报机器人启动中...
2026-04-27 08:26:27,656 - __main__ - INFO - ==================================================
2026-04-27 08:26:27,657 - __main__ - INFO - 初始化数据库...
2026-04-27 08:26:27,702 - __main__ - INFO - 机器人已启动，监听端口: 801
2026-04-27 08:26:38,408 - __main__ - INFO - ==================================================
2026-04-27 08:26:38,408 - __main__ - INFO - TeleGreat 防骗举报机器人启动中...
2026-04-27 08:26:38,408 - __main__ - INFO - ==================================================
2026-04-27 08:26:38,408 - __main__ - INFO - 初始化数据库...
2026-04-27 08:26:38,454 - __main__ - INFO - 机器人已启动，监听端口: 801
2026-04-27 08:26:49,159 - __main__ - INFO - ==================================================
2026-04-27 08:26:49,159 - __main__ - INFO - TeleGreat 防骗举报机器人启动中...
2026-04-27 08:26:49,159 - __main__ - INFO - ==================================================
2026-04-27 08:26:49,159 - __main__ - INFO - 初始化数据库...
2026-04-27 08:26:49,205 - __main__ - INFO - 机器人已启动，监听端口: 801
2026-04-27 09:36:38,908 - __main__ - INFO - ==================================================
2026-04-27 09:36:38,908 - __main__ - INFO - TeleGreat 防骗举报机器人启动中...
2026-04-27 09:36:38,908 - __main__ - INFO - ==================================================
2026-04-27 09:36:38,908 - __main__ - INFO - 初始化数据库...
2026-04-27 09:36:38,954 - __main__ - INFO - 机器人已启动，开始监听消息...
2026-04-27 09:36:54,655 - __main__ - INFO - ==================================================
2026-04-27 09:36:54,655 - __main__ - INFO - TeleGreat 防骗举报机器人启动中...
2026-04-27 09:36:54,655 - __main__ - INFO - ==================================================
2026-04-27 09:36:54,655 - __main__ - INFO - 初始化数据库...
2026-04-27 09:36:54,700 - __main__ - INFO - 机器人已启动，开始监听消息...
2026-04-27 09:37:01,712 - __main__ - INFO - ==================================================
2026-04-27 09:37:01,712 - __main__ - INFO - TeleGreat 防骗举报机器人启动中...
2026-04-27 09:37:01,712 - __main__ - INFO - ==================================================
2026-04-27 09:37:01,712 - __main__ - INFO - 初始化数据库...
2026-04-27 09:37:01,757 - __main__ - INFO - 机器人已启动，开始监听消息...
2026-04-27 09:37:17,410 - __main__ - INFO - ==================================================
2026-04-27 09:37:17,411 - __main__ - INFO - TeleGreat 防骗举报机器人启动中...
2026-04-27 09:37:17,411 - __main__ - INFO - ==================================================
2026-04-27 09:37:17,411 - __main__ - INFO - 初始化数据库...
2026-04-27 09:37:17,456 - __main__ - INFO - 机器人已启动，开始监听消息...
2026-04-27 09:37:33,159 - __main__ - INFO - ==================================================
2026-04-27 09:37:33,159 - __main__ - INFO - TeleGreat 防骗举报机器人启动中...
2026-04-27 09:37:33,159 - __main__ - INFO - ==================================================
2026-04-27 09:37:33,159 - __main__ - INFO - 初始化数据库...
2026-04-27 09:37:33,204 - __main__ - INFO - 机器人已启动，开始监听消息...
2026-04-27 09:37:48,905 - __main__ - INFO - ==================================================
2026-04-27 09:37:48,905 - __main__ - INFO - TeleGreat 防骗举报机器人启动中...
2026-04-27 09:37:48,905 - __main__ - INFO - ==================================================
2026-04-27 09:37:48,905 - __main__ - INFO - 初始化数据库...
2026-04-27 09:37:48,950 - __main__ - INFO - 机器人已启动，开始监听消息...
2026-04-27 09:38:04,657 - __main__ - INFO - ==================================================
2026-04-27 09:38:04,657 - __main__ - INFO - TeleGreat 防骗举报机器人启动中...
2026-04-27 09:38:04,657 - __main__ - INFO - ==================================================
2026-04-27 09:38:04,657 - __main__ - INFO - 初始化数据库...
2026-04-27 09:38:04,704 - __main__ - INFO - 机器人已启动，开始监听消息...
2026-04-27 09:38:20,415 - __main__ - INFO - ==================================================
2026-04-27 09:38:20,415 - __main__ - INFO - TeleGreat 防骗举报机器人启动中...
2026-04-27 09:38:20,415 - __main__ - INFO - ==================================================
2026-04-27 09:38:20,415 - __main__ - INFO - 初始化数据库...
2026-04-27 09:38:20,460 - __main__ - INFO - 机器人已启动，开始监听消息...
2026-04-27 09:38:36,157 - __main__ - INFO - ==================================================
2026-04-27 09:38:36,157 - __main__ - INFO - TeleGreat 防骗举报机器人启动中...
2026-04-27 09:38:36,157 - __main__ - INFO - ==================================================
2026-04-27 09:38:36,157 - __main__ - INFO - 初始化数据库...
2026-04-27 09:38:36,202 - __main__ - INFO - 机器人已启动，开始监听消息...
2026-04-27 09:38:51,908 - __main__ - INFO - ==================================================
2026-04-27 09:38:51,908 - __main__ - INFO - TeleGreat 防骗举报机器人启动中...
2026-04-27 09:38:51,908 - __main__ - INFO - ==================================================
2026-04-27 09:38:51,908 - __main__ - INFO - 初始化数据库...
2026-04-27 09:38:51,954 - __main__ - INFO - 机器人已启动，开始监听消息...
2026-04-27 09:39:07,661 - __main__ - INFO - ==================================================
2026-04-27 09:39:07,661 - __main__ - INFO - TeleGreat 防骗举报机器人启动中...
2026-04-27 09:39:07,662 - __main__ - INFO - ==================================================
2026-04-27 09:39:07,662 - __main__ - INFO - 初始化数据库...
2026-04-27 09:39:07,707 - __main__ - INFO - 机器人已启动，开始监听消息...
2026-04-27 09:39:23,412 - __main__ - INFO - ==================================================
2026-04-27 09:39:23,412 - __main__ - INFO - TeleGreat 防骗举报机器人启动中...
2026-04-27 09:39:23,412 - __main__ - INFO - ==================================================
2026-04-27 09:39:23,412 - __main__ - INFO - 初始化数据库...
2026-04-27 09:39:23,457 - __main__ - INFO - 机器人已启动，开始监听消息...
2026-04-27 09:39:39,157 - __main__ - INFO - ==================================================
2026-04-27 09:39:39,158 - __main__ - INFO - TeleGreat 防骗举报机器人启动中...
2026-04-27 09:39:39,158 - __main__ - INFO - ==================================================
2026-04-27 09:39:39,158 - __main__ - INFO - 初始化数据库...
2026-04-27 09:39:39,204 - __main__ - INFO - 机器人已启动，开始监听消息...
2026-04-27 09:39:54,907 - __main__ - INFO - ==================================================
2026-04-27 09:39:54,907 - __main__ - INFO - TeleGreat 防骗举报机器人启动中...
2026-04-27 09:39:54,907 - __main__ - INFO - ==================================================
2026-04-27 09:39:54,907 - __main__ - INFO - 初始化数据库...
2026-04-27 09:39:54,952 - __main__ - INFO - 机器人已启动，开始监听消息...
2026-04-27 09:40:10,663 - __main__ - INFO - ==================================================
2026-04-27 09:40:10,664 - __main__ - INFO - TeleGreat 防骗举报机器人启动中...
2026-04-27 09:40:10,664 - __main__ - INFO - ==================================================
2026-04-27 09:40:10,664 - __main__ - INFO - 初始化数据库...
2026-04-27 09:40:10,709 - __main__ - INFO - 机器人已启动，开始监听消息...
2026-04-27 09:40:26,410 - __main__ - INFO - ==================================================
2026-04-27 09:40:26,410 - __main__ - INFO - TeleGreat 防骗举报机器人启动中...
2026-04-27 09:40:26,410 - __main__ - INFO - ==================================================
2026-04-27 09:40:26,411 - __main__ - INFO - 初始化数据库...
2026-04-27 09:40:26,456 - __main__ - INFO - 机器人已启动，开始监听消息...
2026-04-27 09:40:42,159 - __main__ - INFO - ==================================================
2026-04-27 09:40:42,159 - __main__ - INFO - TeleGreat 防骗举报机器人启动中...
2026-04-27 09:40:42,159 - __main__ - INFO - ==================================================
2026-04-27 09:40:42,159 - __main__ - INFO - 初始化数据库...
2026-04-27 09:40:42,206 - __main__ - INFO - 机器人已启动，开始监听消息...
2026-04-27 09:40:57,906 - __main__ - INFO - ==================================================
2026-04-27 09:40:57,907 - __main__ - INFO - TeleGreat 防骗举报机器人启动中...
2026-04-27 09:40:57,907 - __main__ - INFO - ==================================================
2026-04-27 09:40:57,907 - __main__ - INFO - 初始化数据库...
2026-04-27 09:40:57,952 - __main__ - INFO - 机器人已启动，开始监听消息...
2026-04-27 09:41:13,653 - __main__ - INFO - ==================================================
2026-04-27 09:41:13,653 - __main__ - INFO - TeleGreat 防骗举报机器人启动中...
2026-04-27 09:41:13,653 - __main__ - INFO - ==================================================
2026-04-27 09:41:13,653 - __main__ - INFO - 初始化数据库...
2026-04-27 09:41:13,699 - __main__ - INFO - 机器人已启动，开始监听消息...
2026-04-27 09:41:29,411 - __main__ - INFO - ==================================================
2026-04-27 09:41:29,411 - __main__ - INFO - TeleGreat 防骗举报机器人启动中...
2026-04-27 09:41:29,411 - __main__ - INFO - ==================================================
2026-04-27 09:41:29,411 - __main__ - INFO - 初始化数据库...
2026-04-27 09:41:29,456 - __main__ - INFO - 机器人已启动，开始监听消息...
2026-04-27 09:41:45,157 - __main__ - INFO - ==================================================
2026-04-27 09:41:45,157 - __main__ - INFO - TeleGreat 防骗举报机器人启动中...
2026-04-27 09:41:45,157 - __main__ - INFO - ==================================================
2026-04-27 09:41:45,157 - __main__ - INFO - 初始化数据库...
2026-04-27 09:41:45,204 - __main__ - INFO - 机器人已启动，开始监听消息...
2026-04-27 09:42:00,905 - __main__ - INFO - ==================================================
2026-04-27 09:42:00,906 - __main__ - INFO - TeleGreat 防骗举报机器人启动中...
2026-04-27 09:42:00,906 - __main__ - INFO - ==================================================
2026-04-27 09:42:00,906 - __main__ - INFO - 初始化数据库...
2026-04-27 09:42:00,951 - __main__ - INFO - 机器人已启动，开始监听消息...
2026-04-27 09:42:16,655 - __main__ - INFO - ==================================================
2026-04-27 09:42:16,655 - __main__ - INFO - TeleGreat 防骗举报机器人启动中...
2026-04-27 09:42:16,655 - __main__ - INFO - ==================================================
2026-04-27 09:42:16,655 - __main__ - INFO - 初始化数据库...
2026-04-27 09:42:16,701 - __main__ - INFO - 机器人已启动，开始监听消息...
2026-04-27 09:42:32,412 - __main__ - INFO - ==================================================
2026-04-27 09:42:32,412 - __main__ - INFO - TeleGreat 防骗举报机器人启动中...
2026-04-27 09:42:32,412 - __main__ - INFO - ==================================================
2026-04-27 09:42:32,413 - __main__ - INFO - 初始化数据库...
2026-04-27 09:42:32,458 - __main__ - INFO - 机器人已启动，开始监听消息...
2026-04-27 09:42:48,157 - __main__ - INFO - ==================================================
2026-04-27 09:42:48,157 - __main__ - INFO - TeleGreat 防骗举报机器人启动中...
2026-04-27 09:42:48,157 - __main__ - INFO - ==================================================
2026-04-27 09:42:48,158 - __main__ - INFO - 初始化数据库...
2026-04-27 09:42:48,203 - __main__ - INFO - 机器人已启动，开始监听消息...
2026-04-27 09:43:03,914 - __main__ - INFO - ==================================================
2026-04-27 09:43:03,914 - __main__ - INFO - TeleGreat 防骗举报机器人启动中...
2026-04-27 09:43:03,914 - __main__ - INFO - ==================================================
2026-04-27 09:43:03,914 - __main__ - INFO - 初始化数据库...
2026-04-27 09:43:03,960 - __main__ - INFO - 机器人已启动，开始监听消息...
2026-04-27 09:43:19,659 - __main__ - INFO - ==================================================
2026-04-27 09:43:19,659 - __main__ - INFO - TeleGreat 防骗举报机器人启动中...
2026-04-27 09:43:19,659 - __main__ - INFO - ==================================================
2026-04-27 09:43:19,659 - __main__ - INFO - 初始化数据库...
2026-04-27 09:43:19,706 - __main__ - INFO - 机器人已启动，开始监听消息...
2026-04-27 09:43:35,411 - __main__ - INFO - ==================================================
2026-04-27 09:43:35,411 - __main__ - INFO - TeleGreat 防骗举报机器人启动中...
2026-04-27 09:43:35,411 - __main__ - INFO - ==================================================
2026-04-27 09:43:35,411 - __main__ - INFO - 初始化数据库...
2026-04-27 09:43:35,456 - __main__ - INFO - 机器人已启动，开始监听消息...
2026-04-27 09:43:51,156 - __main__ - INFO - ==================================================
2026-04-27 09:43:51,156 - __main__ - INFO - TeleGreat 防骗举报机器人启动中...
2026-04-27 09:43:51,156 - __main__ - INFO - ==================================================
2026-04-27 09:43:51,156 - __main__ - INFO - 初始化数据库...
2026-04-27 09:43:51,202 - __main__ - INFO - 机器人已启动，开始监听消息...
2026-04-27 09:44:06,908 - __main__ - INFO - ==================================================
2026-04-27 09:44:06,908 - __main__ - INFO - TeleGreat 防骗举报机器人启动中...
2026-04-27 09:44:06,908 - __main__ - INFO - ==================================================
2026-04-27 09:44:06,908 - __main__ - INFO - 初始化数据库...
2026-04-27 09:44:06,953 - __main__ - INFO - 机器人已启动，开始监听消息...
2026-04-27 09:44:22,651 - __main__ - INFO - ==================================================
2026-04-27 09:44:22,651 - __main__ - INFO - TeleGreat 防骗举报机器人启动中...
2026-04-27 09:44:22,651 - __main__ - INFO - ==================================================
2026-04-27 09:44:22,652 - __main__ - INFO - 初始化数据库...
2026-04-27 09:44:22,697 - __main__ - INFO - 机器人已启动，开始监听消息...
2026-04-27 09:44:38,409 - __main__ - INFO - ==================================================
2026-04-27 09:44:38,409 - __main__ - INFO - TeleGreat 防骗举报机器人启动中...
2026-04-27 09:44:38,409 - __main__ - INFO - ==================================================
2026-04-27 09:44:38,409 - __main__ - INFO - 初始化数据库...
2026-04-27 09:44:38,454 - __main__ - INFO - 机器人已启动，开始监听消息...
2026-04-27 09:44:54,155 - __main__ - INFO - ==================================================
2026-04-27 09:44:54,155 - __main__ - INFO - TeleGreat 防骗举报机器人启动中...
2026-04-27 09:44:54,155 - __main__ - INFO - ==================================================
2026-04-27 09:44:54,155 - __main__ - INFO - 初始化数据库...
2026-04-27 09:44:54,200 - __main__ - INFO - 机器人已启动，开始监听消息...
2026-04-27 09:45:09,909 - __main__ - INFO - ==================================================
2026-04-27 09:45:09,909 - __main__ - INFO - TeleGreat 防骗举报机器人启动中...
2026-04-27 09:45:09,909 - __main__ - INFO - ==================================================
2026-04-27 09:45:09,909 - __main__ - INFO - 初始化数据库...
2026-04-27 09:45:09,954 - __main__ - INFO - 机器人已启动，开始监听消息...
2026-04-27 09:45:25,667 - __main__ - INFO - ==================================================
2026-04-27 09:45:25,667 - __main__ - INFO - TeleGreat 防骗举报机器人启动中...
2026-04-27 09:45:25,667 - __main__ - INFO - ==================================================
2026-04-27 09:45:25,667 - __main__ - INFO - 初始化数据库...
2026-04-27 09:45:25,713 - __main__ - INFO - 机器人已启动，开始监听消息...
2026-04-27 09:45:41,407 - __main__ - INFO - ==================================================
2026-04-27 09:45:41,407 - __main__ - INFO - TeleGreat 防骗举报机器人启动中...
2026-04-27 09:45:41,407 - __main__ - INFO - ==================================================
2026-04-27 09:45:41,407 - __main__ - INFO - 初始化数据库...
2026-04-27 09:45:41,453 - __main__ - INFO - 机器人已启动，开始监听消息...
2026-04-27 09:45:57,156 - __main__ - INFO - ==================================================
2026-04-27 09:45:57,156 - __main__ - INFO - TeleGreat 防骗举报机器人启动中...
2026-04-27 09:45:57,156 - __main__ - INFO - ==================================================
2026-04-27 09:45:57,156 - __main__ - INFO - 初始化数据库...
2026-04-27 09:45:57,201 - __main__ - INFO - 机器人已启动，开始监听消息...
2026-04-27 09:46:12,910 - __main__ - INFO - ==================================================
2026-04-27 09:46:12,910 - __main__ - INFO - TeleGreat 防骗举报机器人启动中...
2026-04-27 09:46:12,910 - __main__ - INFO - ==================================================
2026-04-27 09:46:12,910 - __main__ - INFO - 初始化数据库...
2026-04-27 09:46:12,956 - __main__ - INFO - 机器人已启动，开始监听消息...
2026-04-27 09:46:28,667 - __main__ - INFO - ==================================================
2026-04-27 09:46:28,667 - __main__ - INFO - TeleGreat 防骗举报机器人启动中...
2026-04-27 09:46:28,667 - __main__ - INFO - ==================================================
2026-04-27 09:46:28,667 - __main__ - INFO - 初始化数据库...
2026-04-27 09:46:28,713 - __main__ - INFO - 机器人已启动，开始监听消息...
2026-04-27 09:46:44,409 - __main__ - INFO - ==================================================
2026-04-27 09:46:44,409 - __main__ - INFO - TeleGreat 防骗举报机器人启动中...
2026-04-27 09:46:44,409 - __main__ - INFO - ==================================================
2026-04-27 09:46:44,410 - __main__ - INFO - 初始化数据库...
2026-04-27 09:46:44,455 - __main__ - INFO - 机器人已启动，开始监听消息...
2026-04-27 09:48:22,160 - __main__ - INFO - ==================================================
2026-04-27 09:48:22,160 - __main__ - INFO - TeleGreat 防骗举报机器人启动中...
2026-04-27 09:48:22,160 - __main__ - INFO - ==================================================
2026-04-27 09:48:22,160 - __main__ - INFO - 初始化数据库...
2026-04-27 09:48:22,207 - __main__ - INFO - 机器人已启动，开始监听消息...
2026-04-27 09:48:37,906 - __main__ - INFO - ==================================================
2026-04-27 09:48:37,906 - __main__ - INFO - TeleGreat 防骗举报机器人启动中...
2026-04-27 09:48:37,906 - __main__ - INFO - ==================================================
2026-04-27 09:48:37,906 - __main__ - INFO - 初始化数据库...
2026-04-27 09:48:37,951 - __main__ - INFO - 机器人已启动，开始监听消息...
2026-04-27 09:48:53,657 - __main__ - INFO - ==================================================
2026-04-27 09:48:53,658 - __main__ - INFO - TeleGreat 防骗举报机器人启动中...
2026-04-27 09:48:53,658 - __main__ - INFO - ==================================================
2026-04-27 09:48:53,658 - __main__ - INFO - 初始化数据库...
2026-04-27 09:48:53,703 - __main__ - INFO - 机器人已启动，开始监听消息...
2026-04-27 09:49:09,410 - __main__ - INFO - ==================================================
2026-04-27 09:49:09,410 - __main__ - INFO - TeleGreat 防骗举报机器人启动中...
2026-04-27 09:49:09,410 - __main__ - INFO - ==================================================
2026-04-27 09:49:09,410 - __main__ - INFO - 初始化数据库...
2026-04-27 09:49:09,455 - __main__ - INFO - 机器人已启动，开始监听消息...
2026-04-27 09:49:25,156 - __main__ - INFO - ==================================================
2026-04-27 09:49:25,156 - __main__ - INFO - TeleGreat 防骗举报机器人启动中...
2026-04-27 09:49:25,156 - __main__ - INFO - ==================================================
2026-04-27 09:49:25,157 - __main__ - INFO - 初始化数据库...
2026-04-27 09:49:25,202 - __main__ - INFO - 机器人已启动，开始监听消息...
2026-04-27 09:49:40,908 - __main__ - INFO - ==================================================
2026-04-27 09:49:40,908 - __main__ - INFO - TeleGreat 防骗举报机器人启动中...
2026-04-27 09:49:40,908 - __main__ - INFO - ==================================================
2026-04-27 09:49:40,908 - __main__ - INFO - 初始化数据库...
2026-04-27 09:49:40,953 - __main__ - INFO - 机器人已启动，开始监听消息...
2026-04-27 09:49:56,657 - __main__ - INFO - ==================================================
2026-04-27 09:49:56,657 - __main__ - INFO - TeleGreat 防骗举报机器人启动中...
2026-04-27 09:49:56,657 - __main__ - INFO - ==================================================
2026-04-27 09:49:56,657 - __main__ - INFO - 初始化数据库...
2026-04-27 09:49:56,702 - __main__ - INFO - 机器人已启动，开始监听消息...
2026-04-27 09:50:12,111 - __main__ - INFO - ==================================================
2026-04-27 09:50:12,111 - __main__ - INFO - TeleGreat 防骗举报机器人启动中...
2026-04-27 09:50:12,111 - __main__ - INFO - ==================================================
2026-04-27 09:50:12,111 - __main__ - INFO - 初始化数据库...
2026-04-27 09:50:12,156 - __main__ - INFO - 机器人已启动，开始监听消息...
2026-04-27 09:50:27,905 - __main__ - INFO - ==================================================
2026-04-27 09:50:27,905 - __main__ - INFO - TeleGreat 防骗举报机器人启动中...
2026-04-27 09:50:27,905 - __main__ - INFO - ==================================================
2026-04-27 09:50:27,905 - __main__ - INFO - 初始化数据库...
2026-04-27 09:50:27,950 - __main__ - INFO - 机器人已启动，开始监听消息...
2026-04-27 09:50:43,657 - __main__ - INFO - ==================================================
2026-04-27 09:50:43,657 - __main__ - INFO - TeleGreat 防骗举报机器人启动中...
2026-04-27 09:50:43,657 - __main__ - INFO - ==================================================
2026-04-27 09:50:43,657 - __main__ - INFO - 初始化数据库...
2026-04-27 09:50:43,702 - __main__ - INFO - 机器人已启动，开始监听消息...
2026-04-27 09:50:59,411 - __main__ - INFO - ==================================================
2026-04-27 09:50:59,411 - __main__ - INFO - TeleGreat 防骗举报机器人启动中...
2026-04-27 09:50:59,411 - __main__ - INFO - ==================================================
2026-04-27 09:50:59,411 - __main__ - INFO - 初始化数据库...
2026-04-27 09:50:59,456 - __main__ - INFO - 机器人已启动，开始监听消息...
2026-04-27 09:51:15,157 - __main__ - INFO - ==================================================
2026-04-27 09:51:15,157 - __main__ - INFO - TeleGreat 防骗举报机器人启动中...
2026-04-27 09:51:15,157 - __main__ - INFO - ==================================================
2026-04-27 09:51:15,157 - __main__ - INFO - 初始化数据库...
2026-04-27 09:51:15,203 - __main__ - INFO - 机器人已启动，开始监听消息...
2026-04-27 09:51:30,910 - __main__ - INFO - ==================================================
2026-04-27 09:51:30,911 - __main__ - INFO - TeleGreat 防骗举报机器人启动中...
2026-04-27 09:51:30,911 - __main__ - INFO - ==================================================
2026-04-27 09:51:30,911 - __main__ - INFO - 初始化数据库...
2026-04-27 09:51:30,956 - __main__ - INFO - 机器人已启动，开始监听消息...
2026-04-27 09:51:46,662 - __main__ - INFO - ==================================================
2026-04-27 09:51:46,662 - __main__ - INFO - TeleGreat 防骗举报机器人启动中...
2026-04-27 09:51:46,662 - __main__ - INFO - ==================================================
2026-04-27 09:51:46,662 - __main__ - INFO - 初始化数据库...
2026-04-27 09:51:46,707 - __main__ - INFO - 机器人已启动，开始监听消息...
2026-04-27 09:52:02,410 - __main__ - INFO - ==================================================
2026-04-27 09:52:02,410 - __main__ - INFO - TeleGreat 防骗举报机器人启动中...
2026-04-27 09:52:02,411 - __main__ - INFO - ==================================================
2026-04-27 09:52:02,411 - __main__ - INFO - 初始化数据库...
2026-04-27 09:52:02,456 - __main__ - INFO - 机器人已启动，开始监听消息...
2026-04-27 09:52:18,154 - __main__ - INFO - ==================================================
2026-04-27 09:52:18,154 - __main__ - INFO - TeleGreat 防骗举报机器人启动中...
2026-04-27 09:52:18,154 - __main__ - INFO - ==================================================
2026-04-27 09:52:18,154 - __main__ - INFO - 初始化数据库...
2026-04-27 09:52:18,200 - __main__ - INFO - 机器人已启动，开始监听消息...
2026-04-27 09:52:33,907 - __main__ - INFO - ==================================================
2026-04-27 09:52:33,907 - __main__ - INFO - TeleGreat 防骗举报机器人启动中...
2026-04-27 09:52:33,907 - __main__ - INFO - ==================================================
2026-04-27 09:52:33,907 - __main__ - INFO - 初始化数据库...
2026-04-27 09:52:33,953 - __main__ - INFO - 机器人已启动，开始监听消息...
2026-04-27 09:52:49,655 - __main__ - INFO - ==================================================
2026-04-27 09:52:49,655 - __main__ - INFO - TeleGreat 防骗举报机器人启动中...
2026-04-27 09:52:49,655 - __main__ - INFO - ==================================================
2026-04-27 09:52:49,655 - __main__ - INFO - 初始化数据库...
2026-04-27 09:52:49,701 - __main__ - INFO - 机器人已启动，开始监听消息...
2026-04-27 09:53:05,416 - __main__ - INFO - ==================================================
2026-04-27 09:53:05,416 - __main__ - INFO - TeleGreat 防骗举报机器人启动中...
2026-04-27 09:53:05,416 - __main__ - INFO - ==================================================
2026-04-27 09:53:05,416 - __main__ - INFO - 初始化数据库...
2026-04-27 09:53:05,461 - __main__ - INFO - 机器人已启动，开始监听消息...
2026-04-27 09:53:21,158 - __main__ - INFO - ==================================================
2026-04-27 09:53:21,158 - __main__ - INFO - TeleGreat 防骗举报机器人启动中...
2026-04-27 09:53:21,159 - __main__ - INFO - ==================================================
2026-04-27 09:53:21,159 - __main__ - INFO - 初始化数据库...
2026-04-27 09:53:21,204 - __main__ - INFO - 机器人已启动，开始监听消息...
2026-04-27 09:53:31,001 - __main__ - INFO - ==================================================
2026-04-27 09:53:31,002 - __main__ - INFO - TeleGreat 防骗举报机器人启动中...
2026-04-27 09:53:31,002 - __main__ - INFO - ==================================================
2026-04-27 09:53:31,002 - __main__ - INFO - 初始化数据库...
2026-04-27 09:53:31,047 - __main__ - INFO - 机器人已启动，开始监听消息...
2026-04-27 09:53:36,908 - __main__ - INFO - ==================================================
2026-04-27 09:53:36,908 - __main__ - INFO - TeleGreat 防骗举报机器人启动中...
2026-04-27 09:53:36,908 - __main__ - INFO - ==================================================
2026-04-27 09:53:36,908 - __main__ - INFO - 初始化数据库...
2026-04-27 09:53:36,953 - __main__ - INFO - 机器人已启动，开始监听消息...
2026-04-27 09:53:52,658 - __main__ - INFO - ==================================================
2026-04-27 09:53:52,658 - __main__ - INFO - TeleGreat 防骗举报机器人启动中...
2026-04-27 09:53:52,658 - __main__ - INFO - ==================================================
2026-04-27 09:53:52,658 - __main__ - INFO - 初始化数据库...
2026-04-27 09:53:52,713 - __main__ - INFO - 机器人已启动，开始监听消息...
2026-04-27 09:54:08,406 - __main__ - INFO - ==================================================
2026-04-27 09:54:08,406 - __main__ - INFO - TeleGreat 防骗举报机器人启动中...
2026-04-27 09:54:08,406 - __main__ - INFO - ==================================================
2026-04-27 09:54:08,406 - __main__ - INFO - 初始化数据库...
2026-04-27 09:54:08,451 - __main__ - INFO - 机器人已启动，开始监听消息...
2026-04-27 09:54:24,160 - __main__ - INFO - ==================================================
2026-04-27 09:54:24,160 - __main__ - INFO - TeleGreat 防骗举报机器人启动中...
2026-04-27 09:54:24,160 - __main__ - INFO - ==================================================
2026-04-27 09:54:24,160 - __main__ - INFO - 初始化数据库...
2026-04-27 09:54:24,205 - __main__ - INFO - 机器人已启动，开始监听消息...
2026-04-27 09:54:39,906 - __main__ - INFO - ==================================================
2026-04-27 09:54:39,906 - __main__ - INFO - TeleGreat 防骗举报机器人启动中...
2026-04-27 09:54:39,906 - __main__ - INFO - ==================================================
2026-04-27 09:54:39,906 - __main__ - INFO - 初始化数据库...
2026-04-27 09:54:39,951 - __main__ - INFO - 机器人已启动，开始监听消息...
2026-04-27 09:54:55,657 - __main__ - INFO - ==================================================
2026-04-27 09:54:55,657 - __main__ - INFO - TeleGreat 防骗举报机器人启动中...
2026-04-27 09:54:55,657 - __main__ - INFO - ==================================================
2026-04-27 09:54:55,657 - __main__ - INFO - 初始化数据库...
2026-04-27 09:54:55,703 - __main__ - INFO - 机器人已启动，开始监听消息...
2026-04-27 09:55:11,406 - __main__ - INFO - ==================================================
2026-04-27 09:55:11,406 - __main__ - INFO - TeleGreat 防骗举报机器人启动中...
2026-04-27 09:55:11,406 - __main__ - INFO - ==================================================
2026-04-27 09:55:11,406 - __main__ - INFO - 初始化数据库...
2026-04-27 09:55:11,451 - __main__ - INFO - 机器人已启动，开始监听消息...
2026-04-27 09:55:27,157 - __main__ - INFO - ==================================================
2026-04-27 09:55:27,157 - __main__ - INFO - TeleGreat 防骗举报机器人启动中...
2026-04-27 09:55:27,157 - __main__ - INFO - ==================================================
2026-04-27 09:55:27,157 - __main__ - INFO - 初始化数据库...
2026-04-27 09:55:27,202 - __main__ - INFO - 机器人已启动，开始监听消息...
2026-04-27 09:55:42,908 - __main__ - INFO - ==================================================
2026-04-27 09:55:42,908 - __main__ - INFO - TeleGreat 防骗举报机器人启动中...
2026-04-27 09:55:42,908 - __main__ - INFO - ==================================================
2026-04-27 09:55:42,908 - __main__ - INFO - 初始化数据库...
2026-04-27 09:55:42,953 - __main__ - INFO - 机器人已启动，开始监听消息...
2026-04-27 09:55:58,656 - __main__ - INFO - ==================================================
2026-04-27 09:55:58,657 - __main__ - INFO - TeleGreat 防骗举报机器人启动中...
2026-04-27 09:55:58,657 - __main__ - INFO - ==================================================
2026-04-27 09:55:58,657 - __main__ - INFO - 初始化数据库...
2026-04-27 09:55:58,702 - __main__ - INFO - 机器人已启动，开始监听消息...
2026-04-27 09:56:14,409 - __main__ - INFO - ==================================================
2026-04-27 09:56:14,410 - __main__ - INFO - TeleGreat 防骗举报机器人启动中...
2026-04-27 09:56:14,411 - __main__ - INFO - ==================================================
2026-04-27 09:56:14,411 - __main__ - INFO - 初始化数据库...
2026-04-27 09:56:14,456 - __main__ - INFO - 机器人已启动，开始监听消息...
2026-04-27 09:56:30,159 - __main__ - INFO - ==================================================
2026-04-27 09:56:30,159 - __main__ - INFO - TeleGreat 防骗举报机器人启动中...
2026-04-27 09:56:30,159 - __main__ - INFO - ==================================================
2026-04-27 09:56:30,159 - __main__ - INFO - 初始化数据库...
2026-04-27 09:56:30,205 - __main__ - INFO - 机器人已启动，开始监听消息...
2026-04-27 09:56:45,909 - __main__ - INFO - ==================================================
2026-04-27 09:56:45,909 - __main__ - INFO - TeleGreat 防骗举报机器人启动中...
2026-04-27 09:56:45,909 - __main__ - INFO - ==================================================
2026-04-27 09:56:45,909 - __main__ - INFO - 初始化数据库...
2026-04-27 09:56:45,955 - __main__ - INFO - 机器人已启动，开始监听消息...
2026-04-27 09:57:01,661 - __main__ - INFO - ==================================================
2026-04-27 09:57:01,661 - __main__ - INFO - TeleGreat 防骗举报机器人启动中...
2026-04-27 09:57:01,661 - __main__ - INFO - ==================================================
2026-04-27 09:57:01,661 - __main__ - INFO - 初始化数据库...
2026-04-27 09:57:01,706 - __main__ - INFO - 机器人已启动，开始监听消息...
2026-04-27 09:57:17,413 - __main__ - INFO - ==================================================
2026-04-27 09:57:17,413 - __main__ - INFO - TeleGreat 防骗举报机器人启动中...
2026-04-27 09:57:17,413 - __main__ - INFO - ==================================================
2026-04-27 09:57:17,413 - __main__ - INFO - 初始化数据库...
2026-04-27 09:57:17,458 - __main__ - INFO - 机器人已启动，开始监听消息...
2026-04-27 09:57:33,158 - __main__ - INFO - ==================================================
2026-04-27 09:57:33,159 - __main__ - INFO - TeleGreat 防骗举报机器人启动中...
2026-04-27 09:57:33,159 - __main__ - INFO - ==================================================
2026-04-27 09:57:33,159 - __main__ - INFO - 初始化数据库...
2026-04-27 09:57:33,204 - __main__ - INFO - 机器人已启动，开始监听消息...
2026-04-27 09:57:48,908 - __main__ - INFO - ==================================================
2026-04-27 09:57:48,908 - __main__ - INFO - TeleGreat 防骗举报机器人启动中...
2026-04-27 09:57:48,908 - __main__ - INFO - ==================================================
2026-04-27 09:57:48,908 - __main__ - INFO - 初始化数据库...
2026-04-27 09:57:48,953 - __main__ - INFO - 机器人已启动，开始监听消息...
2026-04-27 09:58:04,660 - __main__ - INFO - ==================================================
2026-04-27 09:58:04,660 - __main__ - INFO - TeleGreat 防骗举报机器人启动中...
2026-04-27 09:58:04,660 - __main__ - INFO - ==================================================
2026-04-27 09:58:04,660 - __main__ - INFO - 初始化数据库...
2026-04-27 09:58:04,705 - __main__ - INFO - 机器人已启动，开始监听消息...
2026-04-27 09:58:20,409 - __main__ - INFO - ==================================================
2026-04-27 09:58:20,409 - __main__ - INFO - TeleGreat 防骗举报机器人启动中...
2026-04-27 09:58:20,409 - __main__ - INFO - ==================================================
2026-04-27 09:58:20,409 - __main__ - INFO - 初始化数据库...
2026-04-27 09:58:20,455 - __main__ - INFO - 机器人已启动，开始监听消息...
2026-04-27 09:58:36,157 - __main__ - INFO - ==================================================
2026-04-27 09:58:36,157 - __main__ - INFO - TeleGreat 防骗举报机器人启动中...
2026-04-27 09:58:36,157 - __main__ - INFO - ==================================================
2026-04-27 09:58:36,157 - __main__ - INFO - 初始化数据库...
2026-04-27 09:58:36,202 - __main__ - INFO - 机器人已启动，开始监听消息...
2026-04-27 09:58:51,907 - __main__ - INFO - ==================================================
2026-04-27 09:58:51,908 - __main__ - INFO - TeleGreat 防骗举报机器人启动中...
2026-04-27 09:58:51,908 - __main__ - INFO - ==================================================
2026-04-27 09:58:51,908 - __main__ - INFO - 初始化数据库...
2026-04-27 09:58:51,953 - __main__ - INFO - 机器人已启动，开始监听消息...
2026-04-27 09:59:07,659 - __main__ - INFO - ==================================================
2026-04-27 09:59:07,659 - __main__ - INFO - TeleGreat 防骗举报机器人启动中...
2026-04-27 09:59:07,659 - __main__ - INFO - ==================================================
2026-04-27 09:59:07,659 - __main__ - INFO - 初始化数据库...
2026-04-27 09:59:07,704 - __main__ - INFO - 机器人已启动，开始监听消息...
2026-04-27 09:59:23,407 - __main__ - INFO - ==================================================
2026-04-27 09:59:23,407 - __main__ - INFO - TeleGreat 防骗举报机器人启动中...
2026-04-27 09:59:23,407 - __main__ - INFO - ==================================================
2026-04-27 09:59:23,407 - __main__ - INFO - 初始化数据库...
2026-04-27 09:59:23,452 - __main__ - INFO - 机器人已启动，开始监听消息...
2026-04-27 09:59:34,155 - __main__ - INFO - ==================================================
2026-04-27 09:59:34,155 - __main__ - INFO - TeleGreat 防骗举报机器人启动中...
2026-04-27 09:59:34,155 - __main__ - INFO - ==================================================
2026-04-27 09:59:34,155 - __main__ - INFO - 初始化数据库...
2026-04-27 09:59:34,200 - __main__ - INFO - 机器人已启动，开始监听消息...
2026-04-27 09:59:44,905 - __main__ - INFO - ==================================================
2026-04-27 09:59:44,905 - __main__ - INFO - TeleGreat 防骗举报机器人启动中...
2026-04-27 09:59:44,905 - __main__ - INFO - ==================================================
2026-04-27 09:59:44,905 - __main__ - INFO - 初始化数据库...
2026-04-27 09:59:44,950 - __main__ - INFO - 机器人已启动，开始监听消息...
2026-04-27 09:59:55,660 - __main__ - INFO - ==================================================
2026-04-27 09:59:55,660 - __main__ - INFO - TeleGreat 防骗举报机器人启动中...
2026-04-27 09:59:55,660 - __main__ - INFO - ==================================================
2026-04-27 09:59:55,660 - __main__ - INFO - 初始化数据库...
2026-04-27 09:59:55,705 - __main__ - INFO - 机器人已启动，开始监听消息...
2026-04-27 10:00:06,409 - __main__ - INFO - ==================================================
2026-04-27 10:00:06,409 - __main__ - INFO - TeleGreat 防骗举报机器人启动中...
2026-04-27 10:00:06,409 - __main__ - INFO - ==================================================
2026-04-27 10:00:06,409 - __main__ - INFO - 初始化数据库...
2026-04-27 10:00:06,454 - __main__ - INFO - 机器人已启动，开始监听消息...
2026-04-27 10:00:17,156 - __main__ - INFO - ==================================================
2026-04-27 10:00:17,157 - __main__ - INFO - TeleGreat 防骗举报机器人启动中...
2026-04-27 10:00:17,157 - __main__ - INFO - ==================================================
2026-04-27 10:00:17,157 - __main__ - INFO - 初始化数据库...
2026-04-27 10:00:17,202 - __main__ - INFO - 机器人已启动，开始监听消息...
2026-04-27 10:00:27,908 - __main__ - INFO - ==================================================
2026-04-27 10:00:27,908 - __main__ - INFO - TeleGreat 防骗举报机器人启动中...
2026-04-27 10:00:27,908 - __main__ - INFO - ==================================================
2026-04-27 10:00:27,909 - __main__ - INFO - 初始化数据库...
2026-04-27 10:00:27,954 - __main__ - INFO - 机器人已启动，开始监听消息...
2026-04-27 10:00:38,659 - __main__ - INFO - ==================================================
2026-04-27 10:00:38,660 - __main__ - INFO - TeleGreat 防骗举报机器人启动中...
2026-04-27 10:00:38,660 - __main__ - INFO - ==================================================
2026-04-27 10:00:38,660 - __main__ - INFO - 初始化数据库...
2026-04-27 10:00:38,705 - __main__ - INFO - 机器人已启动，开始监听消息...
2026-04-27 10:00:49,415 - __main__ - INFO - ==================================================
2026-04-27 10:00:49,415 - __main__ - INFO - TeleGreat 防骗举报机器人启动中...
2026-04-27 10:00:49,415 - __main__ - INFO - ==================================================
2026-04-27 10:00:49,415 - __main__ - INFO - 初始化数据库...
2026-04-27 10:00:49,460 - __main__ - INFO - 机器人已启动，开始监听消息...
2026-04-27 10:01:00,158 - __main__ - INFO - ==================================================
2026-04-27 10:01:00,158 - __main__ - INFO - TeleGreat 防骗举报机器人启动中...
2026-04-27 10:01:00,158 - __main__ - INFO - ==================================================
2026-04-27 10:01:00,158 - __main__ - INFO - 初始化数据库...
2026-04-27 10:01:00,205 - __main__ - INFO - 机器人已启动，开始监听消息...
2026-04-27 10:01:15,906 - __main__ - INFO - ==================================================
2026-04-27 10:01:15,906 - __main__ - INFO - TeleGreat 防骗举报机器人启动中...
2026-04-27 10:01:15,906 - __main__ - INFO - ==================================================
2026-04-27 10:01:15,906 - __main__ - INFO - 初始化数据库...
2026-04-27 10:01:15,951 - __main__ - INFO - 机器人已启动，开始监听消息...
2026-04-27 10:01:31,658 - __main__ - INFO - ==================================================
2026-04-27 10:01:31,658 - __main__ - INFO - TeleGreat 防骗举报机器人启动中...
2026-04-27 10:01:31,658 - __main__ - INFO - ==================================================
2026-04-27 10:01:31,658 - __main__ - INFO - 初始化数据库...
2026-04-27 10:01:31,704 - __main__ - INFO - 机器人已启动，开始监听消息...
2026-04-27 10:01:47,409 - __main__ - INFO - ==================================================
2026-04-27 10:01:47,409 - __main__ - INFO - TeleGreat 防骗举报机器人启动中...
2026-04-27 10:01:47,409 - __main__ - INFO - ==================================================
2026-04-27 10:01:47,409 - __main__ - INFO - 初始化数据库...
2026-04-27 10:01:47,454 - __main__ - INFO - 机器人已启动，开始监听消息...
2026-04-27 10:02:03,156 - __main__ - INFO - ==================================================
2026-04-27 10:02:03,156 - __main__ - INFO - TeleGreat 防骗举报机器人启动中...
2026-04-27 10:02:03,156 - __main__ - INFO - ==================================================
2026-04-27 10:02:03,156 - __main__ - INFO - 初始化数据库...
2026-04-27 10:02:03,201 - __main__ - INFO - 机器人已启动，开始监听消息...
2026-04-27 10:02:18,909 - __main__ - INFO - ==================================================
2026-04-27 10:02:18,909 - __main__ - INFO - TeleGreat 防骗举报机器人启动中...
2026-04-27 10:02:18,909 - __main__ - INFO - ==================================================
2026-04-27 10:02:18,909 - __main__ - INFO - 初始化数据库...
2026-04-27 10:02:18,954 - __main__ - INFO - 机器人已启动，开始监听消息...
2026-04-27 10:02:34,660 - __main__ - INFO - ==================================================
2026-04-27 10:02:34,660 - __main__ - INFO - TeleGreat 防骗举报机器人启动中...
2026-04-27 10:02:34,660 - __main__ - INFO - ==================================================
2026-04-27 10:02:34,660 - __main__ - INFO - 初始化数据库...
2026-04-27 10:02:34,705 - __main__ - INFO - 机器人已启动，开始监听消息...
2026-04-27 10:02:50,417 - __main__ - INFO - ==================================================
2026-04-27 10:02:50,417 - __main__ - INFO - TeleGreat 防骗举报机器人启动中...
2026-04-27 10:02:50,417 - __main__ - INFO - ==================================================
2026-04-27 10:02:50,417 - __main__ - INFO - 初始化数据库...
2026-04-27 10:02:50,462 - __main__ - INFO - 机器人已启动，开始监听消息...
2026-04-27 10:03:06,161 - __main__ - INFO - ==================================================
2026-04-27 10:03:06,162 - __main__ - INFO - TeleGreat 防骗举报机器人启动中...
2026-04-27 10:03:06,162 - __main__ - INFO - ==================================================
2026-04-27 10:03:06,162 - __main__ - INFO - 初始化数据库...
2026-04-27 10:03:06,209 - __main__ - INFO - 机器人已启动，开始监听消息...
2026-04-27 10:03:21,912 - __main__ - INFO - ==================================================
2026-04-27 10:03:21,912 - __main__ - INFO - TeleGreat 防骗举报机器人启动中...
2026-04-27 10:03:21,912 - __main__ - INFO - ==================================================
2026-04-27 10:03:21,912 - __main__ - INFO - 初始化数据库...
2026-04-27 10:03:21,958 - __main__ - INFO - 机器人已启动，开始监听消息...
2026-04-27 10:03:37,656 - __main__ - INFO - ==================================================
2026-04-27 10:03:37,656 - __main__ - INFO - TeleGreat 防骗举报机器人启动中...
2026-04-27 10:03:37,656 - __main__ - INFO - ==================================================
2026-04-27 10:03:37,656 - __main__ - INFO - 初始化数据库...
2026-04-27 10:03:37,702 - __main__ - INFO - 机器人已启动，开始监听消息...
2026-04-27 10:03:53,407 - __main__ - INFO - ==================================================
2026-04-27 10:03:53,407 - __main__ - INFO - TeleGreat 防骗举报机器人启动中...
2026-04-27 10:03:53,407 - __main__ - INFO - ==================================================
2026-04-27 10:03:53,407 - __main__ - INFO - 初始化数据库...
2026-04-27 10:03:53,453 - __main__ - INFO - 机器人已启动，开始监听消息...
2026-04-27 10:04:09,158 - __main__ - INFO - ==================================================
2026-04-27 10:04:09,158 - __main__ - INFO - TeleGreat 防骗举报机器人启动中...
2026-04-27 10:04:09,158 - __main__ - INFO - ==================================================
2026-04-27 10:04:09,158 - __main__ - INFO - 初始化数据库...
2026-04-27 10:04:09,205 - __main__ - INFO - 机器人已启动，开始监听消息...
2026-04-27 10:04:24,905 - __main__ - INFO - ==================================================
2026-04-27 10:04:24,905 - __main__ - INFO - TeleGreat 防骗举报机器人启动中...
2026-04-27 10:04:24,905 - __main__ - INFO - ==================================================
2026-04-27 10:04:24,905 - __main__ - INFO - 初始化数据库...
2026-04-27 10:04:24,951 - __main__ - INFO - 机器人已启动，开始监听消息...
2026-04-27 10:04:40,657 - __main__ - INFO - ==================================================
2026-04-27 10:04:40,658 - __main__ - INFO - TeleGreat 防骗举报机器人启动中...
2026-04-27 10:04:40,658 - __main__ - INFO - ==================================================
2026-04-27 10:04:40,658 - __main__ - INFO - 初始化数据库...
2026-04-27 10:04:40,703 - __main__ - INFO - 机器人已启动，开始监听消息...
2026-04-27 10:04:56,412 - __main__ - INFO - ==================================================
2026-04-27 10:04:56,413 - __main__ - INFO - TeleGreat 防骗举报机器人启动中...
2026-04-27 10:04:56,413 - __main__ - INFO - ==================================================
2026-04-27 10:04:56,413 - __main__ - INFO - 初始化数据库...
2026-04-27 10:04:56,458 - __main__ - INFO - 机器人已启动，开始监听消息...
2026-04-27 10:05:12,164 - __main__ - INFO - ==================================================
2026-04-27 10:05:12,165 - __main__ - INFO - TeleGreat 防骗举报机器人启动中...
2026-04-27 10:05:12,165 - __main__ - INFO - ==================================================
2026-04-27 10:05:12,165 - __main__ - INFO - 初始化数据库...
2026-04-27 10:05:12,212 - __main__ - INFO - 机器人已启动，开始监听消息...
2026-04-27 10:05:27,907 - __main__ - INFO - ==================================================
2026-04-27 10:05:27,907 - __main__ - INFO - TeleGreat 防骗举报机器人启动中...
2026-04-27 10:05:27,907 - __main__ - INFO - ==================================================
2026-04-27 10:05:27,907 - __main__ - INFO - 初始化数据库...
2026-04-27 10:05:27,952 - __main__ - INFO - 机器人已启动，开始监听消息...
2026-04-27 10:05:43,657 - __main__ - INFO - ==================================================
2026-04-27 10:05:43,657 - __main__ - INFO - TeleGreat 防骗举报机器人启动中...
2026-04-27 10:05:43,657 - __main__ - INFO - ==================================================
2026-04-27 10:05:43,658 - __main__ - INFO - 初始化数据库...
2026-04-27 10:05:43,703 - __main__ - INFO - 机器人已启动，开始监听消息...
2026-04-27 10:05:59,415 - __main__ - INFO - ==================================================
2026-04-27 10:05:59,415 - __main__ - INFO - TeleGreat 防骗举报机器人启动中...
2026-04-27 10:05:59,415 - __main__ - INFO - ==================================================
2026-04-27 10:05:59,415 - __main__ - INFO - 初始化数据库...
2026-04-27 10:05:59,460 - __main__ - INFO - 机器人已启动，开始监听消息...
2026-04-27 10:06:15,156 - __main__ - INFO - ==================================================
2026-04-27 10:06:15,156 - __main__ - INFO - TeleGreat 防骗举报机器人启动中...
2026-04-27 10:06:15,156 - __main__ - INFO - ==================================================
2026-04-27 10:06:15,156 - __main__ - INFO - 初始化数据库...
2026-04-27 10:06:15,203 - __main__ - INFO - 机器人已启动，开始监听消息...
2026-04-27 10:06:30,907 - __main__ - INFO - ==================================================
2026-04-27 10:06:30,907 - __main__ - INFO - TeleGreat 防骗举报机器人启动中...
2026-04-27 10:06:30,908 - __main__ - INFO - ==================================================
2026-04-27 10:06:30,908 - __main__ - INFO - 初始化数据库...
2026-04-27 10:06:30,953 - __main__ - INFO - 机器人已启动，开始监听消息...
2026-04-27 10:06:46,662 - __main__ - INFO - ==================================================
2026-04-27 10:06:46,662 - __main__ - INFO - TeleGreat 防骗举报机器人启动中...
2026-04-27 10:06:46,662 - __main__ - INFO - ==================================================
2026-04-27 10:06:46,662 - __main__ - INFO - 初始化数据库...
2026-04-27 10:06:46,708 - __main__ - INFO - 机器人已启动，开始监听消息...
2026-04-27 10:07:02,411 - __main__ - INFO - ==================================================
2026-04-27 10:07:02,411 - __main__ - INFO - TeleGreat 防骗举报机器人启动中...
2026-04-27 10:07:02,411 - __main__ - INFO - ==================================================
2026-04-27 10:07:02,411 - __main__ - INFO - 初始化数据库...
2026-04-27 10:07:02,456 - __main__ - INFO - 机器人已启动，开始监听消息...
2026-04-27 10:07:18,158 - __main__ - INFO - ==================================================
2026-04-27 10:07:18,158 - __main__ - INFO - TeleGreat 防骗举报机器人启动中...
2026-04-27 10:07:18,158 - __main__ - INFO - ==================================================
2026-04-27 10:07:18,158 - __main__ - INFO - 初始化数据库...
2026-04-27 10:07:18,203 - __main__ - INFO - 机器人已启动，开始监听消息...
2026-04-27 10:07:33,908 - __main__ - INFO - ==================================================
2026-04-27 10:07:33,908 - __main__ - INFO - TeleGreat 防骗举报机器人启动中...
2026-04-27 10:07:33,908 - __main__ - INFO - ==================================================
2026-04-27 10:07:33,908 - __main__ - INFO - 初始化数据库...
2026-04-27 10:07:33,953 - __main__ - INFO - 机器人已启动，开始监听消息...
2026-04-27 10:07:49,661 - __main__ - INFO - ==================================================
2026-04-27 10:07:49,661 - __main__ - INFO - TeleGreat 防骗举报机器人启动中...
2026-04-27 10:07:49,661 - __main__ - INFO - ==================================================
2026-04-27 10:07:49,661 - __main__ - INFO - 初始化数据库...
2026-04-27 10:07:49,707 - __main__ - INFO - 机器人已启动，开始监听消息...
2026-04-27 10:08:05,412 - __main__ - INFO - ==================================================
2026-04-27 10:08:05,412 - __main__ - INFO - TeleGreat 防骗举报机器人启动中...
2026-04-27 10:08:05,412 - __main__ - INFO - ==================================================
2026-04-27 10:08:05,412 - __main__ - INFO - 初始化数据库...
2026-04-27 10:08:05,458 - __main__ - INFO - 机器人已启动，开始监听消息...
2026-04-27 10:08:21,158 - __main__ - INFO - ==================================================
2026-04-27 10:08:21,158 - __main__ - INFO - TeleGreat 防骗举报机器人启动中...
2026-04-27 10:08:21,158 - __main__ - INFO - ==================================================
2026-04-27 10:08:21,158 - __main__ - INFO - 初始化数据库...
2026-04-27 10:08:21,203 - __main__ - INFO - 机器人已启动，开始监听消息...
2026-04-27 10:08:36,908 - __main__ - INFO - ==================================================
2026-04-27 10:08:36,908 - __main__ - INFO - TeleGreat 防骗举报机器人启动中...
2026-04-27 10:08:36,908 - __main__ - INFO - ==================================================
2026-04-27 10:08:36,908 - __main__ - INFO - 初始化数据库...
2026-04-27 10:08:36,954 - __main__ - INFO - 机器人已启动，开始监听消息...
2026-04-27 10:08:52,650 - __main__ - INFO - ==================================================
2026-04-27 10:08:52,650 - __main__ - INFO - TeleGreat 防骗举报机器人启动中...
2026-04-27 10:08:52,650 - __main__ - INFO - ==================================================
2026-04-27 10:08:52,650 - __main__ - INFO - 初始化数据库...
2026-04-27 10:08:52,696 - __main__ - INFO - 机器人已启动，开始监听消息...
2026-04-27 10:09:08,412 - __main__ - INFO - ==================================================
2026-04-27 10:09:08,412 - __main__ - INFO - TeleGreat 防骗举报机器人启动中...
2026-04-27 10:09:08,413 - __main__ - INFO - ==================================================
2026-04-27 10:09:08,413 - __main__ - INFO - 初始化数据库...
2026-04-27 10:09:08,457 - __main__ - INFO - 机器人已启动，开始监听消息...
2026-04-27 10:09:24,159 - __main__ - INFO - ==================================================
2026-04-27 10:09:24,159 - __main__ - INFO - TeleGreat 防骗举报机器人启动中...
2026-04-27 10:09:24,159 - __main__ - INFO - ==================================================
2026-04-27 10:09:24,159 - __main__ - INFO - 初始化数据库...
2026-04-27 10:09:24,204 - __main__ - INFO - 机器人已启动，开始监听消息...
2026-04-27 10:09:39,910 - __main__ - INFO - ==================================================
2026-04-27 10:09:39,910 - __main__ - INFO - TeleGreat 防骗举报机器人启动中...
2026-04-27 10:09:39,910 - __main__ - INFO - ==================================================
2026-04-27 10:09:39,910 - __main__ - INFO - 初始化数据库...
2026-04-27 10:09:39,955 - __main__ - INFO - 机器人已启动，开始监听消息...
2026-04-27 10:09:55,659 - __main__ - INFO - ==================================================
2026-04-27 10:09:55,659 - __main__ - INFO - TeleGreat 防骗举报机器人启动中...
2026-04-27 10:09:55,659 - __main__ - INFO - ==================================================
2026-04-27 10:09:55,659 - __main__ - INFO - 初始化数据库...
2026-04-27 10:09:55,706 - __main__ - INFO - 机器人已启动，开始监听消息...
2026-04-27 10:10:11,407 - __main__ - INFO - ==================================================
2026-04-27 10:10:11,407 - __main__ - INFO - TeleGreat 防骗举报机器人启动中...
2026-04-27 10:10:11,407 - __main__ - INFO - ==================================================
2026-04-27 10:10:11,407 - __main__ - INFO - 初始化数据库...
2026-04-27 10:10:11,452 - __main__ - INFO - 机器人已启动，开始监听消息...
2026-04-27 10:10:27,156 - __main__ - INFO - ==================================================
2026-04-27 10:10:27,157 - __main__ - INFO - TeleGreat 防骗举报机器人启动中...
2026-04-27 10:10:27,157 - __main__ - INFO - ==================================================
2026-04-27 10:10:27,157 - __main__ - INFO - 初始化数据库...
2026-04-27 10:10:27,202 - __main__ - INFO - 机器人已启动，开始监听消息...
2026-04-27 10:10:42,911 - __main__ - INFO - ==================================================
2026-04-27 10:10:42,911 - __main__ - INFO - TeleGreat 防骗举报机器人启动中...
2026-04-27 10:10:42,911 - __main__ - INFO - ==================================================
2026-04-27 10:10:42,911 - __main__ - INFO - 初始化数据库...
2026-04-27 10:10:42,956 - __main__ - INFO - 机器人已启动，开始监听消息...
2026-04-27 10:10:58,659 - __main__ - INFO - ==================================================
2026-04-27 10:10:58,660 - __main__ - INFO - TeleGreat 防骗举报机器人启动中...
2026-04-27 10:10:58,660 - __main__ - INFO - ==================================================
2026-04-27 10:10:58,660 - __main__ - INFO - 初始化数据库...
2026-04-27 10:10:58,705 - __main__ - INFO - 机器人已启动，开始监听消息...
2026-04-27 10:11:14,408 - __main__ - INFO - ==================================================
2026-04-27 10:11:14,409 - __main__ - INFO - TeleGreat 防骗举报机器人启动中...
2026-04-27 10:11:14,410 - __main__ - INFO - ==================================================
2026-04-27 10:11:14,410 - __main__ - INFO - 初始化数据库...
2026-04-27 10:11:14,456 - __main__ - INFO - 机器人已启动，开始监听消息...
2026-04-27 10:11:30,157 - __main__ - INFO - ==================================================
2026-04-27 10:11:30,157 - __main__ - INFO - TeleGreat 防骗举报机器人启动中...
2026-04-27 10:11:30,157 - __main__ - INFO - ==================================================
2026-04-27 10:11:30,157 - __main__ - INFO - 初始化数据库...
2026-04-27 10:11:30,203 - __main__ - INFO - 机器人已启动，开始监听消息...
2026-04-27 10:11:45,906 - __main__ - INFO - ==================================================
2026-04-27 10:11:45,906 - __main__ - INFO - TeleGreat 防骗举报机器人启动中...
2026-04-27 10:11:45,906 - __main__ - INFO - ==================================================
2026-04-27 10:11:45,906 - __main__ - INFO - 初始化数据库...
2026-04-27 10:11:45,951 - __main__ - INFO - 机器人已启动，开始监听消息...
2026-04-27 10:12:01,659 - __main__ - INFO - ==================================================
2026-04-27 10:12:01,659 - __main__ - INFO - TeleGreat 防骗举报机器人启动中...
2026-04-27 10:12:01,659 - __main__ - INFO - ==================================================
2026-04-27 10:12:01,660 - __main__ - INFO - 初始化数据库...
2026-04-27 10:12:01,711 - __main__ - INFO - 机器人已启动，开始监听消息...
2026-04-27 10:12:17,413 - __main__ - INFO - ==================================================
2026-04-27 10:12:17,413 - __main__ - INFO - TeleGreat 防骗举报机器人启动中...
2026-04-27 10:12:17,413 - __main__ - INFO - ==================================================
2026-04-27 10:12:17,413 - __main__ - INFO - 初始化数据库...
2026-04-27 10:12:17,459 - __main__ - INFO - 机器人已启动，开始监听消息...
2026-04-27 10:12:33,158 - __main__ - INFO - ==================================================
2026-04-27 10:12:33,158 - __main__ - INFO - TeleGreat 防骗举报机器人启动中...
2026-04-27 10:12:33,158 - __main__ - INFO - ==================================================
2026-04-27 10:12:33,158 - __main__ - INFO - 初始化数据库...
2026-04-27 10:12:33,203 - __main__ - INFO - 机器人已启动，开始监听消息...
2026-04-27 10:12:48,904 - __main__ - INFO - ==================================================
2026-04-27 10:12:48,904 - __main__ - INFO - TeleGreat 防骗举报机器人启动中...
2026-04-27 10:12:48,904 - __main__ - INFO - ==================================================
2026-04-27 10:12:48,904 - __main__ - INFO - 初始化数据库...
2026-04-27 10:12:48,950 - __main__ - INFO - 机器人已启动，开始监听消息...
2026-04-27 10:13:04,667 - __main__ - INFO - ==================================================
2026-04-27 10:13:04,667 - __main__ - INFO - TeleGreat 防骗举报机器人启动中...
2026-04-27 10:13:04,667 - __main__ - INFO - ==================================================
2026-04-27 10:13:04,667 - __main__ - INFO - 初始化数据库...
2026-04-27 10:13:04,712 - __main__ - INFO - 机器人已启动，开始监听消息...
2026-04-27 10:13:20,413 - __main__ - INFO - ==================================================
2026-04-27 10:13:20,413 - __main__ - INFO - TeleGreat 防骗举报机器人启动中...
2026-04-27 10:13:20,413 - __main__ - INFO - ==================================================
2026-04-27 10:13:20,413 - __main__ - INFO - 初始化数据库...
2026-04-27 10:13:20,458 - __main__ - INFO - 机器人已启动，开始监听消息...
2026-04-27 10:13:36,162 - __main__ - INFO - ==================================================
2026-04-27 10:13:36,163 - __main__ - INFO - TeleGreat 防骗举报机器人启动中...
2026-04-27 10:13:36,163 - __main__ - INFO - ==================================================
2026-04-27 10:13:36,163 - __main__ - INFO - 初始化数据库...
2026-04-27 10:13:36,209 - __main__ - INFO - 机器人已启动，开始监听消息...
2026-04-27 10:13:51,906 - __main__ - INFO - ==================================================
2026-04-27 10:13:51,906 - __main__ - INFO - TeleGreat 防骗举报机器人启动中...
2026-04-27 10:13:51,906 - __main__ - INFO - ==================================================
2026-04-27 10:13:51,906 - __main__ - INFO - 初始化数据库...
2026-04-27 10:13:51,952 - __main__ - INFO - 机器人已启动，开始监听消息...
2026-04-27 10:14:07,658 - __main__ - INFO - ==================================================
2026-04-27 10:14:07,658 - __main__ - INFO - TeleGreat 防骗举报机器人启动中...
2026-04-27 10:14:07,658 - __main__ - INFO - ==================================================
2026-04-27 10:14:07,658 - __main__ - INFO - 初始化数据库...
2026-04-27 10:14:07,703 - __main__ - INFO - 机器人已启动，开始监听消息...
2026-04-27 10:14:23,408 - __main__ - INFO - ==================================================
2026-04-27 10:14:23,408 - __main__ - INFO - TeleGreat 防骗举报机器人启动中...
2026-04-27 10:14:23,409 - __main__ - INFO - ==================================================
2026-04-27 10:14:23,409 - __main__ - INFO - 初始化数据库...
2026-04-27 10:14:23,454 - __main__ - INFO - 机器人已启动，开始监听消息...
2026-04-27 10:14:39,158 - __main__ - INFO - ==================================================
2026-04-27 10:14:39,159 - __main__ - INFO - TeleGreat 防骗举报机器人启动中...
2026-04-27 10:14:39,159 - __main__ - INFO - ==================================================
2026-04-27 10:14:39,159 - __main__ - INFO - 初始化数据库...
2026-04-27 10:14:39,206 - __main__ - INFO - 机器人已启动，开始监听消息...
2026-04-27 10:14:54,908 - __main__ - INFO - ==================================================
2026-04-27 10:14:54,908 - __main__ - INFO - TeleGreat 防骗举报机器人启动中...
2026-04-27 10:14:54,908 - __main__ - INFO - ==================================================
2026-04-27 10:14:54,908 - __main__ - INFO - 初始化数据库...
2026-04-27 10:14:54,953 - __main__ - INFO - 机器人已启动，开始监听消息...
2026-04-27 10:15:10,657 - __main__ - INFO - ==================================================
2026-04-27 10:15:10,657 - __main__ - INFO - TeleGreat 防骗举报机器人启动中...
2026-04-27 10:15:10,657 - __main__ - INFO - ==================================================
2026-04-27 10:15:10,657 - __main__ - INFO - 初始化数据库...
2026-04-27 10:15:10,703 - __main__ - INFO - 机器人已启动，开始监听消息...
2026-04-27 10:15:18,291 - __main__ - INFO - ==================================================
2026-04-27 10:15:18,291 - __main__ - INFO - TeleGreat 防骗举报机器人启动中...
2026-04-27 10:15:18,291 - __main__ - INFO - ==================================================
2026-04-27 10:15:18,291 - __main__ - INFO - 初始化数据库...
2026-04-27 10:15:18,419 - __main__ - INFO - 机器人已启动，开始监听消息...
2026-04-27 10:15:19,492 - httpx - INFO - HTTP Request: POST https://api.telegram.org/bot8689992280:AAEMJpraK2o0BFCkzWuCdnCleqczRXFc0vM/getMe "HTTP/1.1 200 OK"
2026-04-27 10:15:19,936 - httpx - INFO - HTTP Request: POST https://api.telegram.org/bot8689992280:AAEMJpraK2o0BFCkzWuCdnCleqczRXFc0vM/setMyCommands "HTTP/1.1 200 OK"
2026-04-27 10:15:19,936 - __main__ - INFO - 命令菜单已设置
2026-04-27 10:15:20,208 - httpx - INFO - HTTP Request: POST https://api.telegram.org/bot8689992280:AAEMJpraK2o0BFCkzWuCdnCleqczRXFc0vM/deleteWebhook "HTTP/1.1 200 OK"
2026-04-27 10:15:20,209 - telegram.ext.Application - INFO - Application started
2026-04-27 10:15:26,409 - __main__ - INFO - ==================================================
2026-04-27 10:15:26,410 - __main__ - INFO - TeleGreat 防骗举报机器人启动中...
2026-04-27 10:15:26,410 - __main__ - INFO - ==================================================
2026-04-27 10:15:26,410 - __main__ - INFO - 初始化数据库...
2026-04-27 10:15:26,455 - __main__ - INFO - 机器人已启动，开始监听消息...
2026-04-27 10:15:31,276 - httpx - INFO - HTTP Request: POST https://api.telegram.org/bot8689992280:AAEMJpraK2o0BFCkzWuCdnCleqczRXFc0vM/getUpdates "HTTP/1.1 200 OK"
2026-04-27 10:15:41,547 - httpx - INFO - HTTP Request: POST https://api.telegram.org/bot8689992280:AAEMJpraK2o0BFCkzWuCdnCleqczRXFc0vM/getUpdates "HTTP/1.1 200 OK"
2026-04-27 10:15:42,154 - __main__ - INFO - ==================================================
2026-04-27 10:15:42,154 - __main__ - INFO - TeleGreat 防骗举报机器人启动中...
2026-04-27 10:15:42,154 - __main__ - INFO - ==================================================
2026-04-27 10:15:42,154 - __main__ - INFO - 初始化数据库...
2026-04-27 10:15:42,199 - __main__ - INFO - 机器人已启动，开始监听消息...
2026-04-27 10:15:51,816 - httpx - INFO - HTTP Request: POST https://api.telegram.org/bot8689992280:AAEMJpraK2o0BFCkzWuCdnCleqczRXFc0vM/getUpdates "HTTP/1.1 200 OK"
2026-04-27 10:15:57,909 - __main__ - INFO - ==================================================
2026-04-27 10:15:57,909 - __main__ - INFO - TeleGreat 防骗举报机器人启动中...
2026-04-27 10:15:57,909 - __main__ - INFO - ==================================================
2026-04-27 10:15:57,909 - __main__ - INFO - 初始化数据库...
2026-04-27 10:15:57,954 - __main__ - INFO - 机器人已启动，开始监听消息...
2026-04-27 10:16:02,088 - httpx - INFO - HTTP Request: POST https://api.telegram.org/bot8689992280:AAEMJpraK2o0BFCkzWuCdnCleqczRXFc0vM/getUpdates "HTTP/1.1 200 OK"
2026-04-27 10:16:12,362 - httpx - INFO - HTTP Request: POST https://api.telegram.org/bot8689992280:AAEMJpraK2o0BFCkzWuCdnCleqczRXFc0vM/getUpdates "HTTP/1.1 200 OK"
2026-04-27 10:16:13,659 - __main__ - INFO - ==================================================
2026-04-27 10:16:13,660 - __main__ - INFO - TeleGreat 防骗举报机器人启动中...
2026-04-27 10:16:13,660 - __main__ - INFO - ==================================================
2026-04-27 10:16:13,660 - __main__ - INFO - 初始化数据库...
2026-04-27 10:16:13,705 - __main__ - INFO - 机器人已启动，开始监听消息...
2026-04-27 10:16:22,632 - httpx - INFO - HTTP Request: POST https://api.telegram.org/bot8689992280:AAEMJpraK2o0BFCkzWuCdnCleqczRXFc0vM/getUpdates "HTTP/1.1 200 OK"
2026-04-27 10:16:29,412 - __main__ - INFO - ==================================================
2026-04-27 10:16:29,412 - __main__ - INFO - TeleGreat 防骗举报机器人启动中...
2026-04-27 10:16:29,412 - __main__ - INFO - ==================================================
2026-04-27 10:16:29,412 - __main__ - INFO - 初始化数据库...
2026-04-27 10:16:29,457 - __main__ - INFO - 机器人已启动，开始监听消息...
2026-04-27 10:16:32,902 - httpx - INFO - HTTP Request: POST https://api.telegram.org/bot8689992280:AAEMJpraK2o0BFCkzWuCdnCleqczRXFc0vM/getUpdates "HTTP/1.1 200 OK"
2026-04-27 10:16:43,175 - httpx - INFO - HTTP Request: POST https://api.telegram.org/bot8689992280:AAEMJpraK2o0BFCkzWuCdnCleqczRXFc0vM/getUpdates "HTTP/1.1 200 OK"
2026-04-27 10:16:45,160 - __main__ - INFO - ==================================================
2026-04-27 10:16:45,160 - __main__ - INFO - TeleGreat 防骗举报机器人启动中...
2026-04-27 10:16:45,160 - __main__ - INFO - ==================================================
2026-04-27 10:16:45,160 - __main__ - INFO - 初始化数据库...
2026-04-27 10:16:45,207 - __main__ - INFO - 机器人已启动，开始监听消息...
2026-04-27 10:16:53,446 - httpx - INFO - HTTP Request: POST https://api.telegram.org/bot8689992280:AAEMJpraK2o0BFCkzWuCdnCleqczRXFc0vM/getUpdates "HTTP/1.1 200 OK"
2026-04-27 10:17:00,908 - __main__ - INFO - ==================================================
2026-04-27 10:17:00,908 - __main__ - INFO - TeleGreat 防骗举报机器人启动中...
2026-04-27 10:17:00,908 - __main__ - INFO - ==================================================
2026-04-27 10:17:00,908 - __main__ - INFO - 初始化数据库...
2026-04-27 10:17:00,953 - __main__ - INFO - 机器人已启动，开始监听消息...
2026-04-27 10:17:03,715 - httpx - INFO - HTTP Request: POST https://api.telegram.org/bot8689992280:AAEMJpraK2o0BFCkzWuCdnCleqczRXFc0vM/getUpdates "HTTP/1.1 200 OK"
2026-04-27 10:17:14,000 - httpx - INFO - HTTP Request: POST https://api.telegram.org/bot8689992280:AAEMJpraK2o0BFCkzWuCdnCleqczRXFc0vM/getUpdates "HTTP/1.1 200 OK"
2026-04-27 10:17:16,659 - __main__ - INFO - ==================================================
2026-04-27 10:17:16,660 - __main__ - INFO - TeleGreat 防骗举报机器人启动中...
2026-04-27 10:17:16,660 - __main__ - INFO - ==================================================
2026-04-27 10:17:16,660 - __main__ - INFO - 初始化数据库...
2026-04-27 10:17:16,705 - __main__ - INFO - 机器人已启动，开始监听消息...
2026-04-27 10:17:24,274 - httpx - INFO - HTTP Request: POST https://api.telegram.org/bot8689992280:AAEMJpraK2o0BFCkzWuCdnCleqczRXFc0vM/getUpdates "HTTP/1.1 200 OK"
2026-04-27 10:17:30,246 - httpx - INFO - HTTP Request: POST https://api.telegram.org/bot8689992280:AAEMJpraK2o0BFCkzWuCdnCleqczRXFc0vM/getUpdates "HTTP/1.1 200 OK"
2026-04-27 10:17:31,606 - httpx - INFO - HTTP Request: POST https://api.telegram.org/bot8689992280:AAEMJpraK2o0BFCkzWuCdnCleqczRXFc0vM/sendMessage "HTTP/1.1 200 OK"
2026-04-27 10:17:32,408 - __main__ - INFO - ==================================================
2026-04-27 10:17:32,408 - __main__ - INFO - TeleGreat 防骗举报机器人启动中...
2026-04-27 10:17:32,408 - __main__ - INFO - ==================================================
2026-04-27 10:17:32,408 - __main__ - INFO - 初始化数据库...
2026-04-27 10:17:32,453 - __main__ - INFO - 机器人已启动，开始监听消息...
2026-04-27 10:17:40,537 - httpx - INFO - HTTP Request: POST https://api.telegram.org/bot8689992280:AAEMJpraK2o0BFCkzWuCdnCleqczRXFc0vM/getUpdates "HTTP/1.1 200 OK"
2026-04-27 10:17:48,158 - __main__ - INFO - ==================================================
2026-04-27 10:17:48,158 - __main__ - INFO - TeleGreat 防骗举报机器人启动中...
2026-04-27 10:17:48,158 - __main__ - INFO - ==================================================
2026-04-27 10:17:48,159 - __main__ - INFO - 初始化数据库...
2026-04-27 10:17:48,204 - __main__ - INFO - 机器人已启动，开始监听消息...
2026-04-27 10:17:50,807 - httpx - INFO - HTTP Request: POST https://api.telegram.org/bot8689992280:AAEMJpraK2o0BFCkzWuCdnCleqczRXFc0vM/getUpdates "HTTP/1.1 200 OK"
2026-04-27 10:18:01,078 - httpx - INFO - HTTP Request: POST https://api.telegram.org/bot8689992280:AAEMJpraK2o0BFCkzWuCdnCleqczRXFc0vM/getUpdates "HTTP/1.1 200 OK"
2026-04-27 10:18:03,904 - __main__ - INFO - ==================================================
2026-04-27 10:18:03,905 - __main__ - INFO - TeleGreat 防骗举报机器人启动中...
2026-04-27 10:18:03,905 - __main__ - INFO - ==================================================
2026-04-27 10:18:03,905 - __main__ - INFO - 初始化数据库...
2026-04-27 10:18:03,949 - __main__ - INFO - 机器人已启动，开始监听消息...
2026-04-27 10:18:11,348 - httpx - INFO - HTTP Request: POST https://api.telegram.org/bot8689992280:AAEMJpraK2o0BFCkzWuCdnCleqczRXFc0vM/getUpdates "HTTP/1.1 200 OK"
2026-04-27 10:18:19,656 - __main__ - INFO - ==================================================
2026-04-27 10:18:19,656 - __main__ - INFO - TeleGreat 防骗举报机器人启动中...
2026-04-27 10:18:19,656 - __main__ - INFO - ==================================================
2026-04-27 10:18:19,656 - __main__ - INFO - 初始化数据库...
2026-04-27 10:18:19,701 - __main__ - INFO - 机器人已启动，开始监听消息...
2026-04-27 10:18:21,620 - httpx - INFO - HTTP Request: POST https://api.telegram.org/bot8689992280:AAEMJpraK2o0BFCkzWuCdnCleqczRXFc0vM/getUpdates "HTTP/1.1 200 OK"
2026-04-27 10:18:35,412 - __main__ - INFO - ==================================================
2026-04-27 10:18:35,412 - __main__ - INFO - TeleGreat 防骗举报机器人启动中...
2026-04-27 10:18:35,412 - __main__ - INFO - ==================================================
2026-04-27 10:18:35,412 - __main__ - INFO - 初始化数据库...
2026-04-27 10:18:35,457 - __main__ - INFO - 机器人已启动，开始监听消息...
2026-04-27 10:18:51,168 - __main__ - INFO - ==================================================
2026-04-27 10:18:51,168 - __main__ - INFO - TeleGreat 防骗举报机器人启动中...
2026-04-27 10:18:51,168 - __main__ - INFO - ==================================================
2026-04-27 10:18:51,168 - __main__ - INFO - 初始化数据库...
2026-04-27 10:18:51,215 - __main__ - INFO - 机器人已启动，开始监听消息...
2026-04-27 10:19:06,918 - __main__ - INFO - ==================================================
2026-04-27 10:19:06,918 - __main__ - INFO - TeleGreat 防骗举报机器人启动中...
2026-04-27 10:19:06,918 - __main__ - INFO - ==================================================
2026-04-27 10:19:06,918 - __main__ - INFO - 初始化数据库...
2026-04-27 10:19:06,963 - __main__ - INFO - 机器人已启动，开始监听消息...
2026-04-27 10:19:22,655 - __main__ - INFO - ==================================================
2026-04-27 10:19:22,655 - __main__ - INFO - TeleGreat 防骗举报机器人启动中...
2026-04-27 10:19:22,655 - __main__ - INFO - ==================================================
2026-04-27 10:19:22,655 - __main__ - INFO - 初始化数据库...
2026-04-27 10:19:22,701 - __main__ - INFO - 机器人已启动，开始监听消息...
2026-04-27 10:19:38,415 - __main__ - INFO - ==================================================
2026-04-27 10:19:38,415 - __main__ - INFO - TeleGreat 防骗举报机器人启动中...
2026-04-27 10:19:38,416 - __main__ - INFO - ==================================================
2026-04-27 10:19:38,416 - __main__ - INFO - 初始化数据库...
2026-04-27 10:19:38,461 - __main__ - INFO - 机器人已启动，开始监听消息...
2026-04-27 10:19:54,162 - __main__ - INFO - ==================================================
2026-04-27 10:19:54,162 - __main__ - INFO - TeleGreat 防骗举报机器人启动中...
2026-04-27 10:19:54,162 - __main__ - INFO - ==================================================
2026-04-27 10:19:54,162 - __main__ - INFO - 初始化数据库...
2026-04-27 10:19:54,207 - __main__ - INFO - 机器人已启动，开始监听消息...
2026-04-27 10:20:09,918 - __main__ - INFO - ==================================================
2026-04-27 10:20:09,918 - __main__ - INFO - TeleGreat 防骗举报机器人启动中...
2026-04-27 10:20:09,918 - __main__ - INFO - ==================================================
2026-04-27 10:20:09,919 - __main__ - INFO - 初始化数据库...
2026-04-27 10:20:09,963 - __main__ - INFO - 机器人已启动，开始监听消息...
2026-04-27 10:20:25,658 - __main__ - INFO - ==================================================
2026-04-27 10:20:25,658 - __main__ - INFO - TeleGreat 防骗举报机器人启动中...
2026-04-27 10:20:25,658 - __main__ - INFO - ==================================================
2026-04-27 10:20:25,658 - __main__ - INFO - 初始化数据库...
2026-04-27 10:20:25,787 - __main__ - INFO - 机器人已启动，开始监听消息...
2026-04-27 10:20:26,939 - httpx - INFO - HTTP Request: POST https://api.telegram.org/bot8689992280:AAEMJpraK2o0BFCkzWuCdnCleqczRXFc0vM/getMe "HTTP/1.1 200 OK"
2026-04-27 10:20:27,400 - httpx - INFO - HTTP Request: POST https://api.telegram.org/bot8689992280:AAEMJpraK2o0BFCkzWuCdnCleqczRXFc0vM/setMyCommands "HTTP/1.1 200 OK"
2026-04-27 10:20:27,400 - __main__ - INFO - 命令菜单已设置
2026-04-27 10:20:27,687 - httpx - INFO - HTTP Request: POST https://api.telegram.org/bot8689992280:AAEMJpraK2o0BFCkzWuCdnCleqczRXFc0vM/deleteWebhook "HTTP/1.1 200 OK"
2026-04-27 10:20:27,688 - telegram.ext.Application - INFO - Application started
2026-04-27 10:20:38,764 - httpx - INFO - HTTP Request: POST https://api.telegram.org/bot8689992280:AAEMJpraK2o0BFCkzWuCdnCleqczRXFc0vM/getUpdates "HTTP/1.1 200 OK"
2026-04-27 10:20:49,035 - httpx - INFO - HTTP Request: POST https://api.telegram.org/bot8689992280:AAEMJpraK2o0BFCkzWuCdnCleqczRXFc0vM/getUpdates "HTTP/1.1 200 OK"
2026-04-27 10:20:59,311 - httpx - INFO - HTTP Request: POST https://api.telegram.org/bot8689992280:AAEMJpraK2o0BFCkzWuCdnCleqczRXFc0vM/getUpdates "HTTP/1.1 200 OK"
2026-04-27 10:21:09,584 - httpx - INFO - HTTP Request: POST https://api.telegram.org/bot8689992280:AAEMJpraK2o0BFCkzWuCdnCleqczRXFc0vM/getUpdates "HTTP/1.1 200 OK"
2026-04-27 10:21:19,857 - httpx - INFO - HTTP Request: POST https://api.telegram.org/bot8689992280:AAEMJpraK2o0BFCkzWuCdnCleqczRXFc0vM/getUpdates "HTTP/1.1 200 OK"
2026-04-27 10:21:30,134 - httpx - INFO - HTTP Request: POST https://api.telegram.org/bot8689992280:AAEMJpraK2o0BFCkzWuCdnCleqczRXFc0vM/getUpdates "HTTP/1.1 200 OK"
2026-04-27 10:21:40,408 - httpx - INFO - HTTP Request: POST https://api.telegram.org/bot8689992280:AAEMJpraK2o0BFCkzWuCdnCleqczRXFc0vM/getUpdates "HTTP/1.1 200 OK"
2026-04-27 10:21:50,687 - httpx - INFO - HTTP Request: POST https://api.telegram.org/bot8689992280:AAEMJpraK2o0BFCkzWuCdnCleqczRXFc0vM/getUpdates "HTTP/1.1 200 OK"
2026-04-27 10:22:00,963 - httpx - INFO - HTTP Request: POST https://api.telegram.org/bot8689992280:AAEMJpraK2o0BFCkzWuCdnCleqczRXFc0vM/getUpdates "HTTP/1.1 200 OK"
2026-04-27 10:22:11,238 - httpx - INFO - HTTP Request: POST https://api.telegram.org/bot8689992280:AAEMJpraK2o0BFCkzWuCdnCleqczRXFc0vM/getUpdates "HTTP/1.1 200 OK"
2026-04-27 10:22:21,513 - httpx - INFO - HTTP Request: POST https://api.telegram.org/bot8689992280:AAEMJpraK2o0BFCkzWuCdnCleqczRXFc0vM/getUpdates "HTTP/1.1 200 OK"
2026-04-27 10:22:31,795 - httpx - INFO - HTTP Request: POST https://api.telegram.org/bot8689992280:AAEMJpraK2o0BFCkzWuCdnCleqczRXFc0vM/getUpdates "HTTP/1.1 200 OK"
2026-04-27 10:22:42,068 - httpx - INFO - HTTP Request: POST https://api.telegram.org/bot8689992280:AAEMJpraK2o0BFCkzWuCdnCleqczRXFc0vM/getUpdates "HTTP/1.1 200 OK"
2026-04-27 10:22:52,351 - httpx - INFO - HTTP Request: POST https://api.telegram.org/bot8689992280:AAEMJpraK2o0BFCkzWuCdnCleqczRXFc0vM/getUpdates "HTTP/1.1 200 OK"
2026-04-27 10:23:02,625 - httpx - INFO - HTTP Request: POST https://api.telegram.org/bot8689992280:AAEMJpraK2o0BFCkzWuCdnCleqczRXFc0vM/getUpdates "HTTP/1.1 200 OK"
2026-04-27 10:23:12,909 - httpx - INFO - HTTP Request: POST https://api.telegram.org/bot8689992280:AAEMJpraK2o0BFCkzWuCdnCleqczRXFc0vM/getUpdates "HTTP/1.1 200 OK"
2026-04-27 10:23:23,197 - httpx - INFO - HTTP Request: POST https://api.telegram.org/bot8689992280:AAEMJpraK2o0BFCkzWuCdnCleqczRXFc0vM/getUpdates "HTTP/1.1 200 OK"
2026-04-27 10:23:33,471 - httpx - INFO - HTTP Request: POST https://api.telegram.org/bot8689992280:AAEMJpraK2o0BFCkzWuCdnCleqczRXFc0vM/getUpdates "HTTP/1.1 200 OK"
2026-04-27 10:23:43,753 - httpx - INFO - HTTP Request: POST https://api.telegram.org/bot8689992280:AAEMJpraK2o0BFCkzWuCdnCleqczRXFc0vM/getUpdates "HTTP/1.1 200 OK"
2026-04-27 10:23:54,034 - httpx - INFO - HTTP Request: POST https://api.telegram.org/bot8689992280:AAEMJpraK2o0BFCkzWuCdnCleqczRXFc0vM/getUpdates "HTTP/1.1 200 OK"
2026-04-27 10:24:04,320 - httpx - INFO - HTTP Request: POST https://api.telegram.org/bot8689992280:AAEMJpraK2o0BFCkzWuCdnCleqczRXFc0vM/getUpdates "HTTP/1.1 200 OK"
2026-04-27 10:24:14,598 - httpx - INFO - HTTP Request: POST https://api.telegram.org/bot8689992280:AAEMJpraK2o0BFCkzWuCdnCleqczRXFc0vM/getUpdates "HTTP/1.1 200 OK"
2026-04-27 10:24:24,876 - httpx - INFO - HTTP Request: POST https://api.telegram.org/bot8689992280:AAEMJpraK2o0BFCkzWuCdnCleqczRXFc0vM/getUpdates "HTTP/1.1 200 OK"
2026-04-27 10:24:35,168 - httpx - INFO - HTTP Request: POST https://api.telegram.org/bot8689992280:AAEMJpraK2o0BFCkzWuCdnCleqczRXFc0vM/getUpdates "HTTP/1.1 200 OK"
2026-04-27 10:24:45,454 - httpx - INFO - HTTP Request: POST https://api.telegram.org/bot8689992280:AAEMJpraK2o0BFCkzWuCdnCleqczRXFc0vM/getUpdates "HTTP/1.1 200 OK"
2026-04-27 10:24:55,734 - httpx - INFO - HTTP Request: POST https://api.telegram.org/bot8689992280:AAEMJpraK2o0BFCkzWuCdnCleqczRXFc0vM/getUpdates "HTTP/1.1 200 OK"
2026-04-27 10:25:06,010 - httpx - INFO - HTTP Request: POST https://api.telegram.org/bot8689992280:AAEMJpraK2o0BFCkzWuCdnCleqczRXFc0vM/getUpdates "HTTP/1.1 200 OK"
2026-04-27 10:25:16,292 - httpx - INFO - HTTP Request: POST https://api.telegram.org/bot8689992280:AAEMJpraK2o0BFCkzWuCdnCleqczRXFc0vM/getUpdates "HTTP/1.1 200 OK"
2026-04-27 10:25:26,572 - httpx - INFO - HTTP Request: POST https://api.telegram.org/bot8689992280:AAEMJpraK2o0BFCkzWuCdnCleqczRXFc0vM/getUpdates "HTTP/1.1 200 OK"
2026-04-27 10:25:36,847 - httpx - INFO - HTTP Request: POST https://api.telegram.org/bot8689992280:AAEMJpraK2o0BFCkzWuCdnCleqczRXFc0vM/getUpdates "HTTP/1.1 200 OK"
2026-04-27 10:25:47,131 - httpx - INFO - HTTP Request: POST https://api.telegram.org/bot8689992280:AAEMJpraK2o0BFCkzWuCdnCleqczRXFc0vM/getUpdates "HTTP/1.1 200 OK"
2026-04-27 10:25:57,404 - httpx - INFO - HTTP Request: POST https://api.telegram.org/bot8689992280:AAEMJpraK2o0BFCkzWuCdnCleqczRXFc0vM/getUpdates "HTTP/1.1 200 OK"
2026-04-27 10:26:07,684 - httpx - INFO - HTTP Request: POST https://api.telegram.org/bot8689992280:AAEMJpraK2o0BFCkzWuCdnCleqczRXFc0vM/getUpdates "HTTP/1.1 200 OK"
2026-04-27 10:26:17,962 - httpx - INFO - HTTP Request: POST https://api.telegram.org/bot8689992280:AAEMJpraK2o0BFCkzWuCdnCleqczRXFc0vM/getUpdates "HTTP/1.1 200 OK"
2026-04-27 10:26:28,237 - httpx - INFO - HTTP Request: POST https://api.telegram.org/bot8689992280:AAEMJpraK2o0BFCkzWuCdnCleqczRXFc0vM/getUpdates "HTTP/1.1 200 OK"
2026-04-27 10:26:38,511 - httpx - INFO - HTTP Request: POST https://api.telegram.org/bot8689992280:AAEMJpraK2o0BFCkzWuCdnCleqczRXFc0vM/getUpdates "HTTP/1.1 200 OK"
2026-04-27 10:26:48,796 - httpx - INFO - HTTP Request: POST https://api.telegram.org/bot8689992280:AAEMJpraK2o0BFCkzWuCdnCleqczRXFc0vM/getUpdates "HTTP/1.1 200 OK"
2026-04-27 10:26:59,083 - httpx - INFO - HTTP Request: POST https://api.telegram.org/bot8689992280:AAEMJpraK2o0BFCkzWuCdnCleqczRXFc0vM/getUpdates "HTTP/1.1 200 OK"
2026-04-27 10:27:09,369 - httpx - INFO - HTTP Request: POST https://api.telegram.org/bot8689992280:AAEMJpraK2o0BFCkzWuCdnCleqczRXFc0vM/getUpdates "HTTP/1.1 200 OK"
2026-04-27 10:27:19,646 - httpx - INFO - HTTP Request: POST https://api.telegram.org/bot8689992280:AAEMJpraK2o0BFCkzWuCdnCleqczRXFc0vM/getUpdates "HTTP/1.1 200 OK"
2026-04-27 10:27:29,921 - httpx - INFO - HTTP Request: POST https://api.telegram.org/bot8689992280:AAEMJpraK2o0BFCkzWuCdnCleqczRXFc0vM/getUpdates "HTTP/1.1 200 OK"
2026-04-27 10:27:40,207 - httpx - INFO - HTTP Request: POST https://api.telegram.org/bot8689992280:AAEMJpraK2o0BFCkzWuCdnCleqczRXFc0vM/getUpdates "HTTP/1.1 200 OK"
2026-04-27 10:27:50,485 - httpx - INFO - HTTP Request: POST https://api.telegram.org/bot8689992280:AAEMJpraK2o0BFCkzWuCdnCleqczRXFc0vM/getUpdates "HTTP/1.1 200 OK"
2026-04-27 10:28:00,760 - httpx - INFO - HTTP Request: POST https://api.telegram.org/bot8689992280:AAEMJpraK2o0BFCkzWuCdnCleqczRXFc0vM/getUpdates "HTTP/1.1 200 OK"
2026-04-27 10:28:11,044 - httpx - INFO - HTTP Request: POST https://api.telegram.org/bot8689992280:AAEMJpraK2o0BFCkzWuCdnCleqczRXFc0vM/getUpdates "HTTP/1.1 200 OK"
2026-04-27 10:28:21,317 - httpx - INFO - HTTP Request: POST https://api.telegram.org/bot8689992280:AAEMJpraK2o0BFCkzWuCdnCleqczRXFc0vM/getUpdates "HTTP/1.1 200 OK"
2026-04-27 10:28:31,593 - httpx - INFO - HTTP Request: POST https://api.telegram.org/bot8689992280:AAEMJpraK2o0BFCkzWuCdnCleqczRXFc0vM/getUpdates "HTTP/1.1 200 OK"
2026-04-27 10:28:41,915 - httpx - INFO - HTTP Request: POST https://api.telegram.org/bot8689992280:AAEMJpraK2o0BFCkzWuCdnCleqczRXFc0vM/getUpdates "HTTP/1.1 200 OK"
2026-04-27 10:28:52,190 - httpx - INFO - HTTP Request: POST https://api.telegram.org/bot8689992280:AAEMJpraK2o0BFCkzWuCdnCleqczRXFc0vM/getUpdates "HTTP/1.1 200 OK"
2026-04-27 10:29:02,476 - httpx - INFO - HTTP Request: POST https://api.telegram.org/bot8689992280:AAEMJpraK2o0BFCkzWuCdnCleqczRXFc0vM/getUpdates "HTTP/1.1 200 OK"
2026-04-27 10:29:12,751 - httpx - INFO - HTTP Request: POST https://api.telegram.org/bot8689992280:AAEMJpraK2o0BFCkzWuCdnCleqczRXFc0vM/getUpdates "HTTP/1.1 200 OK"
2026-04-27 10:29:23,027 - httpx - INFO - HTTP Request: POST https://api.telegram.org/bot8689992280:AAEMJpraK2o0BFCkzWuCdnCleqczRXFc0vM/getUpdates "HTTP/1.1 200 OK"
2026-04-27 10:29:33,305 - httpx - INFO - HTTP Request: POST https://api.telegram.org/bot8689992280:AAEMJpraK2o0BFCkzWuCdnCleqczRXFc0vM/getUpdates "HTTP/1.1 200 OK"
2026-04-27 10:29:43,577 - httpx - INFO - HTTP Request: POST https://api.telegram.org/bot8689992280:AAEMJpraK2o0BFCkzWuCdnCleqczRXFc0vM/getUpdates "HTTP/1.1 200 OK"
2026-04-27 10:29:53,859 - httpx - INFO - HTTP Request: POST https://api.telegram.org/bot8689992280:AAEMJpraK2o0BFCkzWuCdnCleqczRXFc0vM/getUpdates "HTTP/1.1 200 OK"
2026-04-27 10:30:04,131 - httpx - INFO - HTTP Request: POST https://api.telegram.org/bot8689992280:AAEMJpraK2o0BFCkzWuCdnCleqczRXFc0vM/getUpdates "HTTP/1.1 200 OK"
2026-04-27 10:30:14,410 - httpx - INFO - HTTP Request: POST https://api.telegram.org/bot8689992280:AAEMJpraK2o0BFCkzWuCdnCleqczRXFc0vM/getUpdates "HTTP/1.1 200 OK"
2026-04-27 10:30:24,685 - httpx - INFO - HTTP Request: POST https://api.telegram.org/bot8689992280:AAEMJpraK2o0BFCkzWuCdnCleqczRXFc0vM/getUpdates "HTTP/1.1 200 OK"
2026-04-27 10:30:34,958 - httpx - INFO - HTTP Request: POST https://api.telegram.org/bot8689992280:AAEMJpraK2o0BFCkzWuCdnCleqczRXFc0vM/getUpdates "HTTP/1.1 200 OK"
2026-04-27 10:30:45,234 - httpx - INFO - HTTP Request: POST https://api.telegram.org/bot8689992280:AAEMJpraK2o0BFCkzWuCdnCleqczRXFc0vM/getUpdates "HTTP/1.1 200 OK"
2026-04-27 10:30:55,505 - httpx - INFO - HTTP Request: POST https://api.telegram.org/bot8689992280:AAEMJpraK2o0BFCkzWuCdnCleqczRXFc0vM/getUpdates "HTTP/1.1 200 OK"
2026-04-27 10:31:05,783 - httpx - INFO - HTTP Request: POST https://api.telegram.org/bot8689992280:AAEMJpraK2o0BFCkzWuCdnCleqczRXFc0vM/getUpdates "HTTP/1.1 200 OK"
2026-04-27 10:31:16,056 - httpx - INFO - HTTP Request: POST https://api.telegram.org/bot8689992280:AAEMJpraK2o0BFCkzWuCdnCleqczRXFc0vM/getUpdates "HTTP/1.1 200 OK"
2026-04-27 10:31:26,330 - httpx - INFO - HTTP Request: POST https://api.telegram.org/bot8689992280:AAEMJpraK2o0BFCkzWuCdnCleqczRXFc0vM/getUpdates "HTTP/1.1 200 OK"
2026-04-27 10:31:36,605 - httpx - INFO - HTTP Request: POST https://api.telegram.org/bot8689992280:AAEMJpraK2o0BFCkzWuCdnCleqczRXFc0vM/getUpdates "HTTP/1.1 200 OK"
2026-04-27 10:31:46,879 - httpx - INFO - HTTP Request: POST https://api.telegram.org/bot8689992280:AAEMJpraK2o0BFCkzWuCdnCleqczRXFc0vM/getUpdates "HTTP/1.1 200 OK"
2026-04-27 10:31:57,151 - httpx - INFO - HTTP Request: POST https://api.telegram.org/bot8689992280:AAEMJpraK2o0BFCkzWuCdnCleqczRXFc0vM/getUpdates "HTTP/1.1 200 OK"
2026-04-27 10:32:07,423 - httpx - INFO - HTTP Request: POST https://api.telegram.org/bot8689992280:AAEMJpraK2o0BFCkzWuCdnCleqczRXFc0vM/getUpdates "HTTP/1.1 200 OK"
2026-04-27 10:32:17,699 - httpx - INFO - HTTP Request: POST https://api.telegram.org/bot8689992280:AAEMJpraK2o0BFCkzWuCdnCleqczRXFc0vM/getUpdates "HTTP/1.1 200 OK"
2026-04-27 10:32:27,968 - httpx - INFO - HTTP Request: POST https://api.telegram.org/bot8689992280:AAEMJpraK2o0BFCkzWuCdnCleqczRXFc0vM/getUpdates "HTTP/1.1 200 OK"
2026-04-27 10:32:38,239 - httpx - INFO - HTTP Request: POST https://api.telegram.org/bot8689992280:AAEMJpraK2o0BFCkzWuCdnCleqczRXFc0vM/getUpdates "HTTP/1.1 200 OK"
2026-04-27 10:32:48,516 - httpx - INFO - HTTP Request: POST https://api.telegram.org/bot8689992280:AAEMJpraK2o0BFCkzWuCdnCleqczRXFc0vM/getUpdates "HTTP/1.1 200 OK"
2026-04-27 10:32:58,792 - httpx - INFO - HTTP Request: POST https://api.telegram.org/bot8689992280:AAEMJpraK2o0BFCkzWuCdnCleqczRXFc0vM/getUpdates "HTTP/1.1 200 OK"
2026-04-27 10:33:09,062 - httpx - INFO - HTTP Request: POST https://api.telegram.org/bot8689992280:AAEMJpraK2o0BFCkzWuCdnCleqczRXFc0vM/getUpdates "HTTP/1.1 200 OK"
2026-04-27 10:33:19,333 - httpx - INFO - HTTP Request: POST https://api.telegram.org/bot8689992280:AAEMJpraK2o0BFCkzWuCdnCleqczRXFc0vM/getUpdates "HTTP/1.1 200 OK"
2026-04-27 10:33:29,605 - httpx - INFO - HTTP Request: POST https://api.telegram.org/bot8689992280:AAEMJpraK2o0BFCkzWuCdnCleqczRXFc0vM/getUpdates "HTTP/1.1 200 OK"
2026-04-27 10:33:39,879 - httpx - INFO - HTTP Request: POST https://api.telegram.org/bot8689992280:AAEMJpraK2o0BFCkzWuCdnCleqczRXFc0vM/getUpdates "HTTP/1.1 200 OK"
2026-04-27 10:33:50,151 - httpx - INFO - HTTP Request: POST https://api.telegram.org/bot8689992280:AAEMJpraK2o0BFCkzWuCdnCleqczRXFc0vM/getUpdates "HTTP/1.1 200 OK"
2026-04-27 10:34:00,427 - httpx - INFO - HTTP Request: POST https://api.telegram.org/bot8689992280:AAEMJpraK2o0BFCkzWuCdnCleqczRXFc0vM/getUpdates "HTTP/1.1 200 OK"
2026-04-27 10:34:10,702 - httpx - INFO - HTTP Request: POST https://api.telegram.org/bot8689992280:AAEMJpraK2o0BFCkzWuCdnCleqczRXFc0vM/getUpdates "HTTP/1.1 200 OK"
2026-04-27 10:34:20,982 - httpx - INFO - HTTP Request: POST https://api.telegram.org/bot8689992280:AAEMJpraK2o0BFCkzWuCdnCleqczRXFc0vM/getUpdates "HTTP/1.1 200 OK"
2026-04-27 10:34:31,260 - httpx - INFO - HTTP Request: POST https://api.telegram.org/bot8689992280:AAEMJpraK2o0BFCkzWuCdnCleqczRXFc0vM/getUpdates "HTTP/1.1 200 OK"
2026-04-27 10:34:41,532 - httpx - INFO - HTTP Request: POST https://api.telegram.org/bot8689992280:AAEMJpraK2o0BFCkzWuCdnCleqczRXFc0vM/getUpdates "HTTP/1.1 200 OK"
2026-04-27 10:34:51,808 - httpx - INFO - HTTP Request: POST https://api.telegram.org/bot8689992280:AAEMJpraK2o0BFCkzWuCdnCleqczRXFc0vM/getUpdates "HTTP/1.1 200 OK"
2026-04-27 10:35:02,087 - httpx - INFO - HTTP Request: POST https://api.telegram.org/bot8689992280:AAEMJpraK2o0BFCkzWuCdnCleqczRXFc0vM/getUpdates "HTTP/1.1 200 OK"
2026-04-27 10:35:12,369 - httpx - INFO - HTTP Request: POST https://api.telegram.org/bot8689992280:AAEMJpraK2o0BFCkzWuCdnCleqczRXFc0vM/getUpdates "HTTP/1.1 200 OK"
2026-04-27 10:35:22,650 - httpx - INFO - HTTP Request: POST https://api.telegram.org/bot8689992280:AAEMJpraK2o0BFCkzWuCdnCleqczRXFc0vM/getUpdates "HTTP/1.1 200 OK"
2026-04-27 10:35:32,923 - httpx - INFO - HTTP Request: POST https://api.telegram.org/bot8689992280:AAEMJpraK2o0BFCkzWuCdnCleqczRXFc0vM/getUpdates "HTTP/1.1 200 OK"
2026-04-27 10:35:43,193 - httpx - INFO - HTTP Request: POST https://api.telegram.org/bot8689992280:AAEMJpraK2o0BFCkzWuCdnCleqczRXFc0vM/getUpdates "HTTP/1.1 200 OK"
2026-04-27 10:35:53,467 - httpx - INFO - HTTP Request: POST https://api.telegram.org/bot8689992280:AAEMJpraK2o0BFCkzWuCdnCleqczRXFc0vM/getUpdates "HTTP/1.1 200 OK"
2026-04-27 10:36:03,751 - httpx - INFO - HTTP Request: POST https://api.telegram.org/bot8689992280:AAEMJpraK2o0BFCkzWuCdnCleqczRXFc0vM/getUpdates "HTTP/1.1 200 OK"
2026-04-27 10:36:14,029 - httpx - INFO - HTTP Request: POST https://api.telegram.org/bot8689992280:AAEMJpraK2o0BFCkzWuCdnCleqczRXFc0vM/getUpdates "HTTP/1.1 200 OK"
2026-04-27 10:36:24,303 - httpx - INFO - HTTP Request: POST https://api.telegram.org/bot8689992280:AAEMJpraK2o0BFCkzWuCdnCleqczRXFc0vM/getUpdates "HTTP/1.1 200 OK"
2026-04-27 10:36:34,578 - httpx - INFO - HTTP Request: POST https://api.telegram.org/bot8689992280:AAEMJpraK2o0BFCkzWuCdnCleqczRXFc0vM/getUpdates "HTTP/1.1 200 OK"
2026-04-27 10:36:44,865 - httpx - INFO - HTTP Request: POST https://api.telegram.org/bot8689992280:AAEMJpraK2o0BFCkzWuCdnCleqczRXFc0vM/getUpdates "HTTP/1.1 200 OK"
2026-04-27 10:36:55,142 - httpx - INFO - HTTP Request: POST https://api.telegram.org/bot8689992280:AAEMJpraK2o0BFCkzWuCdnCleqczRXFc0vM/getUpdates "HTTP/1.1 200 OK"
2026-04-27 10:37:05,425 - httpx - INFO - HTTP Request: POST https://api.telegram.org/bot8689992280:AAEMJpraK2o0BFCkzWuCdnCleqczRXFc0vM/getUpdates "HTTP/1.1 200 OK"
2026-04-27 10:37:15,708 - httpx - INFO - HTTP Request: POST https://api.telegram.org/bot8689992280:AAEMJpraK2o0BFCkzWuCdnCleqczRXFc0vM/getUpdates "HTTP/1.1 200 OK"
2026-04-27 10:37:25,987 - httpx - INFO - HTTP Request: POST https://api.telegram.org/bot8689992280:AAEMJpraK2o0BFCkzWuCdnCleqczRXFc0vM/getUpdates "HTTP/1.1 200 OK"
